Component: ARM Compiler 5.06 update 7 (build 960) Tool: armlink [4d3601]

==============================================================================

Section Cross References

    startup_stm32f407xx.o(RESET) refers to startup_stm32f407xx.o(STACK) for __initial_sp
    startup_stm32f407xx.o(RESET) refers to startup_stm32f407xx.o(.text) for Reset_Handler
    startup_stm32f407xx.o(RESET) refers to stm32f4xx_it.o(i.NMI_Handler) for NMI_Handler
    startup_stm32f407xx.o(RESET) refers to stm32f4xx_it.o(i.HardFault_Handler) for HardFault_Handler
    startup_stm32f407xx.o(RESET) refers to stm32f4xx_it.o(i.MemManage_Handler) for MemManage_Handler
    startup_stm32f407xx.o(RESET) refers to stm32f4xx_it.o(i.BusFault_Handler) for BusFault_Handler
    startup_stm32f407xx.o(RESET) refers to stm32f4xx_it.o(i.UsageFault_Handler) for UsageFault_Handler
    startup_stm32f407xx.o(RESET) refers to stm32f4xx_it.o(i.SVC_Handler) for SVC_Handler
    startup_stm32f407xx.o(RESET) refers to stm32f4xx_it.o(i.DebugMon_Handler) for DebugMon_Handler
    startup_stm32f407xx.o(RESET) refers to stm32f4xx_it.o(i.PendSV_Handler) for PendSV_Handler
    startup_stm32f407xx.o(RESET) refers to stm32f4xx_it.o(i.SysTick_Handler) for SysTick_Handler
    startup_stm32f407xx.o(RESET) refers to stm32f4xx_it.o(i.DMA1_Stream5_IRQHandler) for DMA1_Stream5_IRQHandler
    startup_stm32f407xx.o(RESET) refers to stm32f4xx_it.o(i.USART2_IRQHandler) for USART2_IRQHandler
    startup_stm32f407xx.o(.text) refers to system_stm32f4xx.o(i.SystemInit) for SystemInit
    startup_stm32f407xx.o(.text) refers to entry.o(.ARM.Collect$$$$00000000) for __main
    main.o(i.HAL_UART_RxCpltCallback) refers to main.o(.data) for .data
    main.o(i.SystemClock_Config) refers to memseta.o(.text) for __aeabi_memclr4
    main.o(i.SystemClock_Config) refers to stm32f4xx_hal_rcc.o(i.HAL_RCC_OscConfig) for HAL_RCC_OscConfig
    main.o(i.SystemClock_Config) refers to stm32f4xx_hal_rcc.o(i.HAL_RCC_ClockConfig) for HAL_RCC_ClockConfig
    main.o(i.main) refers to stm32f4xx_hal.o(i.HAL_Init) for HAL_Init
    main.o(i.main) refers to main.o(i.SystemClock_Config) for SystemClock_Config
    main.o(i.main) refers to gpio.o(i.MX_GPIO_Init) for MX_GPIO_Init
    main.o(i.main) refers to dma.o(i.MX_DMA_Init) for MX_DMA_Init
    main.o(i.main) refers to fsmc.o(i.MX_FSMC_Init) for MX_FSMC_Init
    main.o(i.main) refers to usart.o(i.MX_USART1_UART_Init) for MX_USART1_UART_Init
    main.o(i.main) refers to usart.o(i.MX_USART2_UART_Init) for MX_USART2_UART_Init
    main.o(i.main) refers to lcd.o(i.lcd_init) for lcd_init
    main.o(i.main) refers to lcd.o(i.lcd_clear) for lcd_clear
    main.o(i.main) refers to stm32f4xx_hal.o(i.HAL_Delay) for HAL_Delay
    main.o(i.main) refers to lcd.o(i.lcd_display_dir) for lcd_display_dir
    main.o(i.main) refers to stm32f4xx_hal_uart.o(i.HAL_UART_Receive_DMA) for HAL_UART_Receive_DMA
    main.o(i.main) refers to memseta.o(.text) for __aeabi_memclr4
    main.o(i.main) refers to lcd.o(i.lcd_show_string) for lcd_show_string
    main.o(i.main) refers to dflti.o(.text) for __aeabi_i2d
    main.o(i.main) refers to ddiv.o(.text) for __aeabi_ddiv
    main.o(i.main) refers to dfixui.o(.text) for __aeabi_d2uiz
    main.o(i.main) refers to lcd.o(i.lcd_draw_line) for lcd_draw_line
    main.o(i.main) refers to arm_cfft_f32.o(.text) for arm_cfft_f32
    main.o(i.main) refers to arm_cmplx_mag_f32.o(.text) for arm_cmplx_mag_f32
    main.o(i.main) refers to main.o(.bss) for .bss
    main.o(i.main) refers to usart.o(.bss) for huart2
    main.o(i.main) refers to main.o(.constdata) for .constdata
    main.o(i.main) refers to main.o(.data) for .data
    main.o(i.main) refers to arm_const_structs.o(.constdata) for arm_cfft_sR_f32_len2048
    main.o(.constdata) refers to main.o(.conststring) for .conststring
    gpio.o(i.MX_GPIO_Init) refers to memseta.o(.text) for __aeabi_memclr4
    gpio.o(i.MX_GPIO_Init) refers to stm32f4xx_hal_gpio.o(i.HAL_GPIO_WritePin) for HAL_GPIO_WritePin
    gpio.o(i.MX_GPIO_Init) refers to stm32f4xx_hal_gpio.o(i.HAL_GPIO_Init) for HAL_GPIO_Init
    dma.o(i.MX_DMA_Init) refers to stm32f4xx_hal_cortex.o(i.HAL_NVIC_SetPriority) for HAL_NVIC_SetPriority
    dma.o(i.MX_DMA_Init) refers to stm32f4xx_hal_cortex.o(i.HAL_NVIC_EnableIRQ) for HAL_NVIC_EnableIRQ
    fsmc.o(i.HAL_FSMC_MspInit) refers to memseta.o(.text) for __aeabi_memclr4
    fsmc.o(i.HAL_FSMC_MspInit) refers to stm32f4xx_hal_gpio.o(i.HAL_GPIO_Init) for HAL_GPIO_Init
    fsmc.o(i.HAL_FSMC_MspInit) refers to fsmc.o(.data) for .data
    fsmc.o(i.HAL_SRAM_MspDeInit) refers to stm32f4xx_hal_gpio.o(i.HAL_GPIO_DeInit) for HAL_GPIO_DeInit
    fsmc.o(i.HAL_SRAM_MspDeInit) refers to fsmc.o(.data) for .data
    fsmc.o(i.HAL_SRAM_MspInit) refers to fsmc.o(i.HAL_FSMC_MspInit) for HAL_FSMC_MspInit
    fsmc.o(i.MX_FSMC_Init) refers to memseta.o(.text) for __aeabi_memclr4
    fsmc.o(i.MX_FSMC_Init) refers to stm32f4xx_hal_sram.o(i.HAL_SRAM_Init) for HAL_SRAM_Init
[...]
    Removing arm_const_structs.o(.constdata), (24 bytes).
    Removing arm_const_structs.o(.constdata), (24 bytes).
    Removing arm_const_structs.o(.constdata), (24 bytes).
    Removing arm_const_structs.o(.constdata), (24 bytes).
    Removing arm_const_structs.o(.constdata), (24 bytes).
    Removing arm_const_structs.o(.constdata), (24 bytes).
    Removing arm_const_structs.o(.constdata), (24 bytes).
    Removing arm_const_structs.o(.constdata), (24 bytes).
    Removing arm_const_structs.o(.constdata), (24 bytes).
    Removing arm_const_structs.o(.constdata), (24 bytes).
    Removing arm_const_structs.o(.constdata), (24 bytes).
    Removing arm_const_structs.o(.constdata), (24 bytes).
    Removing arm_const_structs.o(.constdata), (24 bytes).
    Removing arm_const_structs.o(.constdata), (24 bytes).
    Removing arm_const_structs.o(.constdata), (24 bytes).
    Removing arm_const_structs.o(.constdata), (24 bytes).
    Removing arm_const_structs.o(.constdata), (24 bytes).
    Removing arm_const_structs.o(.constdata), (24 bytes).
    Removing arm_const_structs.o(.constdata), (24 bytes).
    Removing arm_const_structs.o(.constdata), (24 bytes).
    Removing arm_const_structs.o(.constdata), (24 bytes).
    Removing arm_rfft_init_q15.o(.rev16_text), (4 bytes).
    Removing arm_rfft_init_q15.o(.revsh_text), (4 bytes).
    Removing arm_rfft_init_q15.o(.rrx_text), (6 bytes).
    Removing arm_rfft_init_q15.o(.text), (204 bytes).
    Removing arm_rfft_init_q15.o(.constdata), (32768 bytes).
    Removing arm_rfft_init_q31.o(.rev16_text), (4 bytes).
    Removing arm_rfft_init_q31.o(.revsh_text), (4 bytes).
    Removing arm_rfft_init_q31.o(.rrx_text), (6 bytes).
    Removing arm_rfft_init_q31.o(.text), (204 bytes).
    Removing arm_rfft_init_q31.o(.constdata), (65536 bytes).
    Removing arm_cfft_radix8_f32.o(.rev16_text), (4 bytes).
    Removing arm_cfft_radix8_f32.o(.revsh_text), (4 bytes).
    Removing arm_cfft_radix8_f32.o(.rrx_text), (6 bytes).
    Removing arm_common_tables.o(.rev16_text), (4 bytes).
    Removing arm_common_tables.o(.revsh_text), (4 bytes).
    Removing arm_common_tables.o(.rrx_text), (6 bytes).
    Removing arm_common_tables.o(.constdata), (2048 bytes).
    Removing arm_common_tables.o(.constdata), (128 bytes).
    Removing arm_common_tables.o(.constdata), (256 bytes).
    Removing arm_common_tables.o(.constdata), (512 bytes).
    Removing arm_common_tables.o(.constdata), (1024 bytes).
    Removing arm_common_tables.o(.constdata), (2048 bytes).
    Removing arm_common_tables.o(.constdata), (4096 bytes).
    Removing arm_common_tables.o(.constdata), (8192 bytes).
    Removing arm_common_tables.o(.constdata), (32768 bytes).
    Removing arm_common_tables.o(.constdata), (96 bytes).
    Removing arm_common_tables.o(.constdata), (192 bytes).
    Removing arm_common_tables.o(.constdata), (384 bytes).
    Removing arm_common_tables.o(.constdata), (768 bytes).
    Removing arm_common_tables.o(.constdata), (1536 bytes).
    Removing arm_common_tables.o(.constdata), (3072 bytes).
    Removing arm_common_tables.o(.constdata), (6144 bytes).
    Removing arm_common_tables.o(.constdata), (12288 bytes).
    Removing arm_common_tables.o(.constdata), (24576 bytes).
    Removing arm_common_tables.o(.constdata), (48 bytes).
    Removing arm_common_tables.o(.constdata), (96 bytes).
    Removing arm_common_tables.o(.constdata), (192 bytes).
    Removing arm_common_tables.o(.constdata), (384 bytes).
    Removing arm_common_tables.o(.constdata), (768 bytes).
    Removing arm_common_tables.o(.constdata), (1536 bytes).
    Removing arm_common_tables.o(.constdata), (3072 bytes).
    Removing arm_common_tables.o(.constdata), (6144 bytes).
    Removing arm_common_tables.o(.constdata), (12288 bytes).
    Removing arm_common_tables.o(.constdata), (128 bytes).
    Removing arm_common_tables.o(.constdata), (256 bytes).
    Removing arm_common_tables.o(.constdata), (40 bytes).
    Removing arm_common_tables.o(.constdata), (96 bytes).
    Removing arm_common_tables.o(.constdata), (112 bytes).
    Removing arm_common_tables.o(.constdata), (416 bytes).
    Removing arm_common_tables.o(.constdata), (880 bytes).
    Removing arm_common_tables.o(.constdata), (896 bytes).
    Removing arm_common_tables.o(.constdata), (3600 bytes).
    Removing arm_common_tables.o(.constdata), (8064 bytes).
    Removing arm_common_tables.o(.constdata), (24 bytes).
    Removing arm_common_tables.o(.constdata), (48 bytes).
    Removing arm_common_tables.o(.constdata), (112 bytes).
    Removing arm_common_tables.o(.constdata), (224 bytes).
    Removing arm_common_tables.o(.constdata), (480 bytes).
    Removing arm_common_tables.o(.constdata), (960 bytes).
    Removing arm_common_tables.o(.constdata), (1984 bytes).
    Removing arm_common_tables.o(.constdata), (3968 bytes).
    Removing arm_common_tables.o(.constdata), (8064 bytes).
    Removing arm_common_tables.o(.constdata), (128 bytes).
    Removing arm_common_tables.o(.constdata), (256 bytes).
    Removing arm_common_tables.o(.constdata), (512 bytes).
    Removing arm_common_tables.o(.constdata), (1024 bytes).
    Removing arm_common_tables.o(.constdata), (2048 bytes).
    Removing arm_common_tables.o(.constdata), (4096 bytes).
    Removing arm_common_tables.o(.constdata), (8192 bytes).
    Removing arm_common_tables.o(.constdata), (16384 bytes).
    Removing arm_common_tables.o(.constdata), (2052 bytes).
    Removing arm_common_tables.o(.constdata), (2052 bytes).
    Removing arm_common_tables.o(.constdata), (1026 bytes).
    Removing dadd.o(.text), (334 bytes).
    Removing dneg.o(.text), (6 bytes).
    Removing cdcmple.o(.text), (48 bytes).
    Removing cdrcmple.o(.text), (48 bytes).
    Removing dscalb.o(.text), (46 bytes).
    Removing dfixul.o(.text), (48 bytes).
    Removing dsqrt.o(.text), (162 bytes).

538 unused section(s) (total 317486 bytes) removed from the image.

==============================================================================

Image Symbol Table

    Local Symbols

    Symbol Name                              Value     Ov Type        Size  Object(Section)

    ../Core/Src/dma.c                        0x00000000   Number         0  dma.o ABSOLUTE
    ../Core/Src/fsmc.c                       0x00000000   Number         0  fsmc.o ABSOLUTE
    ../Core/Src/gpio.c                       0x00000000   Number         0  gpio.o ABSOLUTE
    ../Core/Src/main.c                       0x00000000   Number         0  main.o ABSOLUTE
    ../Core/Src/stm32f4xx_hal_msp.c          0x00000000   Number         0  stm32f4xx_hal_msp.o ABSOLUTE
    ../Core/Src/stm32f4xx_it.c               0x00000000   Number         0  stm32f4xx_it.o ABSOLUTE
    ../Core/Src/system_stm32f4xx.c           0x00000000   Number         0  system_stm32f4xx.o ABSOLUTE
    ../Core/Src/usart.c                      0x00000000   Number         0  usart.o ABSOLUTE
    ../Drivers/STM32F4xx_HAL_Driver/Src/stm32f4xx_hal.c 0x00000000   Number         0  stm32f4xx_hal.o ABSOLUTE
    ../Drivers/STM32F4xx_HAL_Driver/Src/stm32f4xx_hal_cortex.c 0x00000000   Number         0  stm32f4xx_hal_cortex.o ABSOLUTE
    ../Drivers/STM32F4xx_HAL_Driver/Src/stm32f4xx_hal_dma.c 0x00000000   Number         0  stm32f4xx_hal_dma.o ABSOLUTE
    ../Drivers/STM32F4xx_HAL_Driver/Src/stm32f4xx_hal_dma_ex.c 0x00000000   Number         0  stm32f4xx_hal_dma_ex.o ABSOLUTE
    ../Drivers/STM32F4xx_HAL_Driver/Src/stm32f4xx_hal_exti.c 0x00000000   Number         0  stm32f4xx_hal_exti.o ABSOLUTE
    ../Drivers/STM32F4xx_HAL_Driver/Src/stm32f4xx_hal_flash.c 0x00000000   Number         0  stm32f4xx_hal_flash.o ABSOLUTE
    ../Drivers/STM32F4xx_HAL_Driver/Src/stm32f4xx_hal_flash_ex.c 0x00000000   Number         0  stm32f4xx_hal_flash_ex.o ABSOLUTE
    ../Drivers/STM32F4xx_HAL_Driver/Src/stm32f4xx_hal_flash_ramfunc.c 0x00000000   Number         0  stm32f4xx_hal_flash_ramfunc.o ABSOLUTE
    ../Drivers/STM32F4xx_HAL_Driver/Src/stm32f4xx_hal_gpio.c 0x00000000   Number         0  stm32f4xx_hal_gpio.o ABSOLUTE
    ../Drivers/STM32F4xx_HAL_Driver/Src/stm32f4xx_hal_pwr.c 0x00000000   Number         0  stm32f4xx_hal_pwr.o ABSOLUTE
    ../Drivers/STM32F4xx_HAL_Driver/Src/stm32f4xx_hal_pwr_ex.c 0x00000000   Number         0  stm32f4xx_hal_pwr_ex.o ABSOLUTE
    ../Drivers/STM32F4xx_HAL_Driver/Src/stm32f4xx_hal_rcc.c 0x00000000   Number         0  stm32f4xx_hal_rcc.o ABSOLUTE
    ../Drivers/STM32F4xx_HAL_Driver/Src/stm32f4xx_hal_rcc_ex.c 0x00000000   Number         0  stm32f4xx_hal_rcc_ex.o ABSOLUTE
    ../Drivers/STM32F4xx_HAL_Driver/Src/stm32f4xx_hal_sram.c 0x00000000   Number         0  stm32f4xx_hal_sram.o ABSOLUTE
    ../Drivers/STM32F4xx_HAL_Driver/Src/stm32f4xx_hal_tim.c 0x00000000   Number         0  stm32f4xx_hal_tim.o ABSOLUTE
    ../Drivers/STM32F4xx_HAL_Driver/Src/stm32f4xx_hal_tim_ex.c 0x00000000   Number         0  stm32f4xx_hal_tim_ex.o ABSOLUTE
    ../Drivers/STM32F4xx_HAL_Driver/Src/stm32f4xx_hal_uart.c 0x00000000   Number         0  stm32f4xx_hal_uart.o ABSOLUTE
    ../Drivers/STM32F4xx_HAL_Driver/Src/stm32f4xx_ll_fsmc.c 0x00000000   Number         0  stm32f4xx_ll_fsmc.o ABSOLUTE
    ../clib/microlib/division.c              0x00000000   Number         0  uidiv.o ABSOLUTE
    ../clib/microlib/division.c              0x00000000   Number         0  uldiv.o ABSOLUTE
    ../clib/microlib/errno.c                 0x00000000   Number         0  errno.o ABSOLUTE
    ../clib/microlib/init/entry.s            0x00000000   Number         0  entry.o ABSOLUTE
    ../clib/microlib/init/entry.s            0x00000000   Number         0  entry7b.o ABSOLUTE
    ../clib/microlib/init/entry.s            0x00000000   Number         0  entry9b.o ABSOLUTE
    ../clib/microlib/init/entry.s            0x00000000   Number         0  entry9a.o ABSOLUTE
    ../clib/microlib/init/entry.s            0x00000000   Number         0  entry11b.o ABSOLUTE
    ../clib/microlib/init/entry.s            0x00000000   Number         0  entry8a.o ABSOLUTE
    ../clib/microlib/init/entry.s            0x00000000   Number         0  entry12b.o ABSOLUTE
    ../clib/microlib/init/entry.s            0x00000000   Number         0  entry12a.o ABSOLUTE
    ../clib/microlib/init/entry.s            0x00000000   Number         0  entry11a.o ABSOLUTE
    ../clib/microlib/init/entry.s            0x00000000   Number         0  entry8b.o ABSOLUTE
    ../clib/microlib/init/entry.s            0x00000000   Number         0  entry7a.o ABSOLUTE
    ../clib/microlib/init/entry.s            0x00000000   Number         0  entry10b.o ABSOLUTE
    ../clib/microlib/init/entry.s            0x00000000   Number         0  entry5.o ABSOLUTE
    ../clib/microlib/init/entry.s            0x00000000   Number         0  entry10a.o ABSOLUTE
    ../clib/microlib/init/entry.s            0x00000000   Number         0  entry2.o ABSOLUTE
    ../clib/microlib/longlong.c              0x00000000   Number         0  llshl.o ABSOLUTE
    ../clib/microlib/longlong.c              0x00000000   Number         0  llsshr.o ABSOLUTE
    ../clib/microlib/longlong.c              0x00000000   Number         0  llushr.o ABSOLUTE
    ../clib/microlib/printf/printf.c         0x00000000   Number         0  printfb.o ABSOLUTE
    ../clib/microlib/printf/printf.c         0x00000000   Number         0  printf2.o ABSOLUTE
    ../clib/microlib/printf/printf.c         0x00000000   Number         0  printfa.o ABSOLUTE
    ../clib/microlib/printf/printf.c         0x00000000   Number         0  printf8.o ABSOLUTE
    ../clib/microlib/printf/printf.c         0x00000000   Number         0  printf7.o ABSOLUTE
    ../clib/microlib/printf/printf.c         0x00000000   Number         0  printf6.o ABSOLUTE
    ../clib/microlib/printf/printf.c         0x00000000   Number         0  printf5.o ABSOLUTE
    ../clib/microlib/printf/printf.c         0x00000000   Number         0  printf4.o ABSOLUTE
    ../clib/microlib/printf/printf.c         0x00000000   Number         0  printf3.o ABSOLUTE
    ../clib/microlib/printf/printf.c         0x00000000   Number         0  printf1.o ABSOLUTE
    ../clib/microlib/printf/printf.c         0x00000000   Number         0  printf0.o ABSOLUTE
    ../clib/microlib/printf/stubs.s          0x00000000   Number         0  stubs.o ABSOLUTE
    ../clib/microlib/stdio/streams.c         0x00000000   Number         0  stdout.o ABSOLUTE
    ../clib/microlib/string/memset.c         0x00000000   Number         0  memseta.o ABSOLUTE
    ../clib/microlib/string/strcmp.c         0x00000000   Number         0  strcmp.o ABSOLUTE
    ../clib/microlib/stubs.s                 0x00000000   Number         0  iusefp.o ABSOLUTE
    ../fplib/microlib/fpadd.c                0x00000000   Number         0  dadd.o ABSOLUTE
    ../fplib/microlib/fpadd.c                0x00000000   Number         0  fadd.o ABSOLUTE
    ../fplib/microlib/fpdiv.c                0x00000000   Number         0  fdiv.o ABSOLUTE
    ../fplib/microlib/fpdiv.c                0x00000000   Number         0  ddiv.o ABSOLUTE
    ../fplib/microlib/fpepilogue.c           0x00000000   Number         0  depilogue.o ABSOLUTE
    ../fplib/microlib/fpepilogue.c           0x00000000   Number         0  fepilogue.o ABSOLUTE
    ../fplib/microlib/fpfix.c                0x00000000   Number         0  dfixul.o ABSOLUTE
    ../fplib/microlib/fpfix.c                0x00000000   Number         0  dfixui.o ABSOLUTE
    ../fplib/microlib/fpflt.c                0x00000000   Number         0  dflti.o ABSOLUTE
    ../fplib/microlib/fpflt.c                0x00000000   Number         0  ffltui.o ABSOLUTE
    ../fplib/microlib/fpflt.c                0x00000000   Number         0  dfltui.o ABSOLUTE
    ../fplib/microlib/fpmul.c                0x00000000   Number         0  fmul.o ABSOLUTE
    ../fplib/microlib/fpmul.c                0x00000000   Number         0  dmul.o ABSOLUTE
    ../fplib/microlib/fpneg.c                0x00000000   Number         0  dneg.o ABSOLUTE
    ../fplib/microlib/fpscalb.c              0x00000000   Number         0  dscalb.o ABSOLUTE
    ../fplib/microlib/fpsqrt.c               0x00000000   Number         0  dsqrt.o ABSOLUTE
    ../mathlib/dunder.c                      0x00000000   Number         0  dunder.o ABSOLUTE
    ../mathlib/fabs.c                        0x00000000   Number         0  fabs.o ABSOLUTE
    ../mathlib/fpclassify.c                  0x00000000   Number         0  fpclassify.o ABSOLUTE
    ../mathlib/poly.c                        0x00000000   Number         0  poly.o ABSOLUTE
    ../mathlib/pow.c                         0x00000000   Number         0  pow_x.o ABSOLUTE
    ../mathlib/pow.c                         0x00000000   Number         0  pow.o ABSOLUTE
    ../mathlib/qnan.c                        0x00000000   Number         0  qnan.o ABSOLUTE
    ../mathlib/sqrt.c                        0x00000000   Number         0  sqrt.o ABSOLUTE
    ../mathlib/sqrt.c                        0x00000000   Number         0  sqrt_x.o ABSOLUTE
    ../mathlib/sqrtf.c                       0x00000000   Number         0  sqrtf_x.o ABSOLUTE
    ../mathlib/sqrtf.c                       0x00000000   Number         0  sqrtf.o ABSOLUTE
    ..\..\Source\CommonTables\arm_common_tables.c 0x00000000   Number         0  arm_common_tables.o ABSOLUTE
    ..\..\Source\CommonTables\arm_const_structs.c 0x00000000   Number         0  arm_const_structs.o ABSOLUTE
    ..\..\Source\ComplexMathFunctions\arm_cmplx_mag_f32.c 0x00000000   Number         0  arm_cmplx_mag_f32.o ABSOLUTE
    ..\..\Source\TransformFunctions\arm_cfft_f32.c 0x00000000   Number         0  arm_cfft_f32.o ABSOLUTE
    ..\..\Source\TransformFunctions\arm_cfft_radix8_f32.c 0x00000000   Number         0  arm_cfft_radix8_f32.o ABSOLUTE
    ..\..\Source\TransformFunctions\arm_rfft_init_q15.c 0x00000000   Number         0  arm_rfft_init_q15.o ABSOLUTE
    ..\..\Source\TransformFunctions\arm_rfft_init_q31.c 0x00000000   Number         0  arm_rfft_init_q31.o ABSOLUTE
    ..\BSP\24CXX\24cxx.c                     0x00000000   Number         0  24cxx.o ABSOLUTE
    ..\BSP\IIC\myiic.c                       0x00000000   Number         0  myiic.o ABSOLUTE
    ..\BSP\LCD\lcd.c                         0x00000000   Number         0  lcd.o ABSOLUTE
    ..\BSP\MY_LCD\mylcd.c                    0x00000000   Number         0  mylcd.o ABSOLUTE
    ..\BSP\SYSTEM\delay.c                    0x00000000   Number         0  delay.o ABSOLUTE
    ..\BSP\SYSTEM\sys.c                      0x00000000   Number         0  sys.o ABSOLUTE
    ..\BSP\TOUCH\ctiic.c                     0x00000000   Number         0  ctiic.o ABSOLUTE
    ..\BSP\TOUCH\ft5206.c                    0x00000000   Number         0  ft5206.o ABSOLUTE
    ..\BSP\TOUCH\gt9xxx.c                    0x00000000   Number         0  gt9xxx.o ABSOLUTE
    ..\BSP\TOUCH\touch.c                     0x00000000   Number         0  touch.o ABSOLUTE
    ..\Core\Src\dma.c                        0x00000000   Number         0  dma.o ABSOLUTE
    ..\Core\Src\fsmc.c                       0x00000000   Number         0  fsmc.o ABSOLUTE
    ..\Core\Src\gpio.c                       0x00000000   Number         0  gpio.o ABSOLUTE
    ..\Core\Src\main.c                       0x00000000   Number         0  main.o ABSOLUTE
    ..\Core\Src\stm32f4xx_hal_msp.c          0x00000000   Number         0  stm32f4xx_hal_msp.o ABSOLUTE
    ..\Core\Src\stm32f4xx_it.c               0x00000000   Number         0  stm32f4xx_it.o ABSOLUTE
    ..\Core\Src\system_stm32f4xx.c           0x00000000   Number         0  system_stm32f4xx.o ABSOLUTE
    ..\Core\Src\usart.c                      0x00000000   Number         0  usart.o ABSOLUTE
    ..\Drivers\STM32F4xx_HAL_Driver\Src\stm32f4xx_hal.c 0x00000000   Number         0  stm32f4xx_hal.o ABSOLUTE
    ..\Drivers\STM32F4xx_HAL_Driver\Src\stm32f4xx_hal_cortex.c 0x00000000   Number         0  stm32f4xx_hal_cortex.o ABSOLUTE
    ..\Drivers\STM32F4xx_HAL_Driver\Src\stm32f4xx_hal_dma.c 0x00000000   Number         0  stm32f4xx_hal_dma.o ABSOLUTE
    ..\Drivers\STM32F4xx_HAL_Driver\Src\stm32f4xx_hal_dma_ex.c 0x00000000   Number         0  stm32f4xx_hal_dma_ex.o ABSOLUTE
    ..\Drivers\STM32F4xx_HAL_Driver\Src\stm32f4xx_hal_exti.c 0x00000000   Number         0  stm32f4xx_hal_exti.o ABSOLUTE
    ..\Drivers\STM32F4xx_HAL_Driver\Src\stm32f4xx_hal_flash.c 0x00000000   Number         0  stm32f4xx_hal_flash.o ABSOLUTE
    ..\Drivers\STM32F4xx_HAL_Driver\Src\stm32f4xx_hal_flash_ex.c 0x00000000   Number         0  stm32f4xx_hal_flash_ex.o ABSOLUTE
    ..\Drivers\STM32F4xx_HAL_Driver\Src\stm32f4xx_hal_flash_ramfunc.c 0x00000000   Number         0  stm32f4xx_hal_flash_ramfunc.o ABSOLUTE
    ..\Drivers\STM32F4xx_HAL_Driver\Src\stm32f4xx_hal_gpio.c 0x00000000   Number         0  stm32f4xx_hal_gpio.o ABSOLUTE
    ..\Drivers\STM32F4xx_HAL_Driver\Src\stm32f4xx_hal_pwr.c 0x00000000   Number         0  stm32f4xx_hal_pwr.o ABSOLUTE
    ..\Drivers\STM32F4xx_HAL_Driver\Src\stm32f4xx_hal_pwr_ex.c 0x00000000   Number         0  stm32f4xx_hal_pwr_ex.o ABSOLUTE
    ..\Drivers\STM32F4xx_HAL_Driver\Src\stm32f4xx_hal_rcc.c 0x00000000   Number         0  stm32f4xx_hal_rcc.o ABSOLUTE
    ..\Drivers\STM32F4xx_HAL_Driver\Src\stm32f4xx_hal_rcc_ex.c 0x00000000   Number         0  stm32f4xx_hal_rcc_ex.o ABSOLUTE
    ..\Drivers\STM32F4xx_HAL_Driver\Src\stm32f4xx_hal_sram.c 0x00000000   Number         0  stm32f4xx_hal_sram.o ABSOLUTE
    ..\Drivers\STM32F4xx_HAL_Driver\Src\stm32f4xx_hal_tim.c 0x00000000   Number         0  stm32f4xx_hal_tim.o ABSOLUTE
    ..\Drivers\STM32F4xx_HAL_Driver\Src\stm32f4xx_hal_tim_ex.c 0x00000000   Number         0  stm32f4xx_hal_tim_ex.o ABSOLUTE
    ..\Drivers\STM32F4xx_HAL_Driver\Src\stm32f4xx_hal_uart.c 0x00000000   Number         0  stm32f4xx_hal_uart.o ABSOLUTE
    ..\Drivers\STM32F4xx_HAL_Driver\Src\stm32f4xx_ll_fsmc.c 0x00000000   Number         0  stm32f4xx_ll_fsmc.o ABSOLUTE
    ..\\..\\Source\\CommonTables\\arm_common_tables.c 0x00000000   Number         0  arm_common_tables.o ABSOLUTE
    ..\\..\\Source\\CommonTables\\arm_const_structs.c 0x00000000   Number         0  arm_const_structs.o ABSOLUTE
    ..\\..\\Source\\ComplexMathFunctions\\arm_cmplx_mag_f32.c 0x00000000   Number         0  arm_cmplx_mag_f32.o ABSOLUTE
    ..\\..\\Source\\TransformFunctions\\arm_bitreversal2.S 0x00000000   Number         0  arm_bitreversal2.o ABSOLUTE
    ..\\..\\Source\\TransformFunctions\\arm_cfft_f32.c 0x00000000   Number         0  arm_cfft_f32.o ABSOLUTE
    ..\\..\\Source\\TransformFunctions\\arm_cfft_radix8_f32.c 0x00000000   Number         0  arm_cfft_radix8_f32.o ABSOLUTE
    ..\\..\\Source\\TransformFunctions\\arm_rfft_init_q15.c 0x00000000   Number         0  arm_rfft_init_q15.o ABSOLUTE
    ..\\..\\Source\\TransformFunctions\\arm_rfft_init_q31.c 0x00000000   Number         0  arm_rfft_init_q31.o ABSOLUTE
    ..\\BSP\\24CXX\\24cxx.c                  0x00000000   Number         0  24cxx.o ABSOLUTE
    ..\\BSP\\IIC\\myiic.c                    0x00000000   Number         0  myiic.o ABSOLUTE
    ..\\BSP\\LCD\\lcd.c                      0x00000000   Number         0  lcd.o ABSOLUTE
    ..\\BSP\\MY_LCD\\mylcd.c                 0x00000000   Number         0  mylcd.o ABSOLUTE
    ..\\BSP\\SYSTEM\\delay.c                 0x00000000   Number         0  delay.o ABSOLUTE
    ..\\BSP\\SYSTEM\\sys.c                   0x00000000   Number         0  sys.o ABSOLUTE
    ..\\BSP\\TOUCH\\ctiic.c                  0x00000000   Number         0  ctiic.o ABSOLUTE
    ..\\BSP\\TOUCH\\ft5206.c                 0x00000000   Number         0  ft5206.o ABSOLUTE
    ..\\BSP\\TOUCH\\gt9xxx.c                 0x00000000   Number         0  gt9xxx.o ABSOLUTE
    ..\\BSP\\TOUCH\\touch.c                  0x00000000   Number         0  touch.o ABSOLUTE
    cdcmple.s                                0x00000000   Number         0  cdcmple.o ABSOLUTE
    cdrcmple.s                               0x00000000   Number         0  cdrcmple.o ABSOLUTE
    dc.s                                     0x00000000   Number         0  dc.o ABSOLUTE
    handlers.s                               0x00000000   Number         0  handlers.o ABSOLUTE
    init.s                                   0x00000000   Number         0  init.o ABSOLUTE
    startup_stm32f407xx.s                    0x00000000   Number         0  startup_stm32f407xx.o ABSOLUTE
    RESET                                    0x08000000   Section      392  startup_stm32f407xx.o(RESET)
    . text                                   0x08000188   Section      192  arm_bitreversal2.o(. text)
    .ARM.Collect$$$$00000000                 0x08000248   Section        0  entry.o(.ARM.Collect$$$$00000000)
    .ARM.Collect$$$$00000001                 0x08000248   Section        4  entry2.o(.ARM.Collect$$$$00000001)
    .ARM.Collect$$$$00000004                 0x0800024c   Section        4  entry5.o(.ARM.Collect$$$$00000004)
    .ARM.Collect$$$$00000008                 0x08000250   Section        0  entry7b.o(.ARM.Collect$$$$00000008)
    .ARM.Collect$$$$0000000A                 0x08000250   Section        0  entry8b.o(.ARM.Collect$$$$0000000A)
    .ARM.Collect$$$$0000000B                 0x08000250   Section        8  entry9a.o(.ARM.Collect$$$$0000000B)
    .ARM.Collect$$$$0000000E                 0x08000258   Section        4  entry12b.o(.ARM.Collect$$$$0000000E)
    .ARM.Collect$$$$0000000F                 0x0800025c   Section        0  entry10a.o(.ARM.Collect$$$$0000000F)
    .ARM.Collect$$$$00000011                 0x0800025c   Section        0  entry11a.o(.ARM.Collect$$$$00000011)
    .ARM.Collect$$$$00002712                 0x0800025c   Section        4  entry2.o(.ARM.Collect$$$$00002712)
    __lit__00000000                          0x0800025c   Data           4  entry2.o(.ARM.Collect$$$$00002712)
    .text                                    0x08000260   Section       36  startup_stm32f407xx.o(.text)
    $v0                                      0x08000260   Number         0  startup_stm32f407xx.o(.text)
    .text                                    0x08000284   Section        0  arm_cmplx_mag_f32.o(.text)
    .text                                    0x080003ac   Section        0  arm_cfft_f32.o(.text)
    .text                                    0x08000de0   Section        0  arm_cfft_radix8_f32.o(.text)
    .text                                    0x08001658   Section        0  uldiv.o(.text)
    .text                                    0x080016ba   Section        0  memseta.o(.text)
    .text                                    0x080016de   Section        0  fadd.o(.text)
    .text                                    0x0800178e   Section        0  fmul.o(.text)
    .text                                    0x080017f2   Section        0  fdiv.o(.text)
    .text                                    0x0800186e   Section        0  dmul.o(.text)
    .text                                    0x08001952   Section        0  ddiv.o(.text)
    .text                                    0x08001a30   Section        0  ffltui.o(.text)
    .text                                    0x08001a3a   Section        0  dflti.o(.text)
    .text                                    0x08001a5c   Section        0  dfltui.o(.text)
    .text                                    0x08001a76   Section        0  dfixui.o(.text)
    .text                                    0x08001aa8   Section        0  llshl.o(.text)
    .text                                    0x08001ac6   Section        0  llushr.o(.text)
    .text                                    0x08001ae6   Section        0  fepilogue.o(.text)
    .text                                    0x08001ae6   Section        0  iusefp.o(.text)
    .text                                    0x08001b54   Section        0  depilogue.o(.text)
    .text                                    0x08001c10   Section       36  init.o(.text)
    i.BusFault_Handler                       0x08001c34   Section        0  stm32f4xx_it.o(i.BusFault_Handler)
    i.DMA1_Stream5_IRQHandler                0x08001c38   Section        0  stm32f4xx_it.o(i.DMA1_Stream5_IRQHandler)
    i.DMA_CalcBaseAndBitshift                0x08001c44   Section        0  stm32f4xx_hal_dma.o(i.DMA_CalcBaseAndBitshift)
    DMA_CalcBaseAndBitshift                  0x08001c45   Thumb Code    34  stm32f4xx_hal_dma.o(i.DMA_CalcBaseAndBitshift)
    i.DMA_CheckFifoParam                     0x08001c6c   Section        0  stm32f4xx_hal_dma.o(i.DMA_CheckFifoParam)
    DMA_CheckFifoParam                       0x08001c6d   Thumb Code    84  stm32f4xx_hal_dma.o(i.DMA_CheckFifoParam)
    i.DMA_SetConfig                          0x08001cc0   Section        0  stm32f4xx_hal_dma.o(i.DMA_SetConfig)
    DMA_SetConfig                            0x08001cc1   Thumb Code    40  stm32f4xx_hal_dma.o(i.DMA_SetConfig)
    i.DebugMon_Handler                       0x08001ce8   Section        0  stm32f4xx_it.o(i.DebugMon_Handler)
    i.Error_Handler                          0x08001cea   Section        0  main.o(i.Error_Handler)
    i.FSMC_NORSRAM_Extended_Timing_Init      0x08001cf0   Section        0  stm32f4xx_ll_fsmc.o(i.FSMC_NORSRAM_Extended_Timing_Init)
    i.FSMC_NORSRAM_Init                      0x08001d2c   Section        0  stm32f4xx_ll_fsmc.o(i.FSMC_NORSRAM_Init)
    i.FSMC_NORSRAM_Timing_Init               0x08001d94   Section        0  stm32f4xx_ll_fsmc.o(i.FSMC_NORSRAM_Timing_Init)
    i.HAL_DMA_Abort                          0x08001dd8   Section        0  stm32f4xx_hal_dma.o(i.HAL_DMA_Abort)
    i.HAL_DMA_Abort_IT                       0x08001e6a   Section        0  stm32f4xx_hal_dma.o(i.HAL_DMA_Abort_IT)
    i.HAL_DMA_IRQHandler                     0x08001e90   Section        0  stm32f4xx_hal_dma.o(i.HAL_DMA_IRQHandler)
    i.HAL_DMA_Init                           0x08002030   Section        0  stm32f4xx_hal_dma.o(i.HAL_DMA_Init)
    i.HAL_DMA_Start_IT                       0x08002104   Section        0  stm32f4xx_hal_dma.o(i.HAL_DMA_Start_IT)
    i.HAL_Delay                              0x08002174   Section        0  stm32f4xx_hal.o(i.HAL_Delay)
    i.HAL_FSMC_MspInit                       0x08002198   Section        0  fsmc.o(i.HAL_FSMC_MspInit)
    HAL_FSMC_MspInit                         0x08002199   Thumb Code   144  fsmc.o(i.HAL_FSMC_MspInit)
    i.HAL_GPIO_Init                          0x08002240   Section        0  stm32f4xx_hal_gpio.o(i.HAL_GPIO_Init)
    i.HAL_GPIO_WritePin                      0x08002430   Section        0  stm32f4xx_hal_gpio.o(i.HAL_GPIO_WritePin)
    i.HAL_GetTick                            0x0800243c   Section        0  stm32f4xx_hal.o(i.HAL_GetTick)
    i.HAL_IncTick                            0x08002448   Section        0  stm32f4xx_hal.o(i.HAL_IncTick)
    i.HAL_Init                               0x08002458   Section        0  stm32f4xx_hal.o(i.HAL_Init)
    i.HAL_InitTick                           0x0800248c   Section        0  stm32f4xx_hal.o(i.HAL_InitTick)
    i.HAL_MspInit                            0x080024cc   Section        0  stm32f4xx_hal_msp.o(i.HAL_MspInit)
    i.HAL_NVIC_EnableIRQ                     0x080024fc   Section        0  stm32f4xx_hal_cortex.o(i.HAL_NVIC_EnableIRQ)
    i.HAL_NVIC_SetPriority                   0x08002518   Section        0  stm32f4xx_hal_cortex.o(i.HAL_NVIC_SetPriority)
    i.HAL_NVIC_SetPriorityGrouping           0x08002558   Section        0  stm32f4xx_hal_cortex.o(i.HAL_NVIC_SetPriorityGrouping)
    i.HAL_RCC_ClockConfig                    0x0800257c   Section        0  stm32f4xx_hal_rcc.o(i.HAL_RCC_ClockConfig)
    i.HAL_RCC_GetPCLK1Freq                   0x080026b0   Section        0  stm32f4xx_hal_rcc.o(i.HAL_RCC_GetPCLK1Freq)
    i.HAL_RCC_GetPCLK2Freq                   0x080026d0   Section        0  stm32f4xx_hal_rcc.o(i.HAL_RCC_GetPCLK2Freq)
    i.HAL_RCC_GetSysClockFreq                0x080026f0   Section        0  stm32f4xx_hal_rcc.o(i.HAL_RCC_GetSysClockFreq)
    i.HAL_RCC_OscConfig                      0x08002750   Section        0  stm32f4xx_hal_rcc.o(i.HAL_RCC_OscConfig)
    i.HAL_SRAM_Init                          0x08002abc   Section        0  stm32f4xx_hal_sram.o(i.HAL_SRAM_Init)
    i.HAL_SRAM_MspInit                       0x08002b18   Section        0  fsmc.o(i.HAL_SRAM_MspInit)
    i.HAL_SYSTICK_Config                     0x08002b1c   Section        0  stm32f4xx_hal_cortex.o(i.HAL_SYSTICK_Config)
    i.HAL_UARTEx_RxEventCallback             0x08002b44   Section        0  stm32f4xx_hal_uart.o(i.HAL_UARTEx_RxEventCallback)
    i.HAL_UART_ErrorCallback                 0x08002b46   Section        0  stm32f4xx_hal_uart.o(i.HAL_UART_ErrorCallback)
    i.HAL_UART_IRQHandler                    0x08002b48   Section        0  stm32f4xx_hal_uart.o(i.HAL_UART_IRQHandler)
    i.HAL_UART_Init                          0x08002db0   Section        0  stm32f4xx_hal_uart.o(i.HAL_UART_Init)
    i.HAL_UART_MspInit                       0x08002e14   Section        0  usart.o(i.HAL_UART_MspInit)
    i.HAL_UART_Receive_DMA                   0x08002f0c   Section        0  stm32f4xx_hal_uart.o(i.HAL_UART_Receive_DMA)
    i.HAL_UART_RxCpltCallback                0x08002f38   Section        0  main.o(i.HAL_UART_RxCpltCallback)
    i.HAL_UART_RxHalfCpltCallback            0x08002f50   Section        0  stm32f4xx_hal_uart.o(i.HAL_UART_RxHalfCpltCallback)
    i.HAL_UART_TxCpltCallback                0x08002f52   Section        0  stm32f4xx_hal_uart.o(i.HAL_UART_TxCpltCallback)
    i.HardFault_Handler                      0x08002f54   Section        0  stm32f4xx_it.o(i.HardFault_Handler)
    i.MX_DMA_Init                            0x08002f58   Section        0  dma.o(i.MX_DMA_Init)
    i.MX_FSMC_Init                           0x08002f84   Section        0  fsmc.o(i.MX_FSMC_Init)
    i.MX_GPIO_Init                           0x0800300c   Section        0  gpio.o(i.MX_GPIO_Init)
    i.MX_USART1_UART_Init                    0x08003108   Section        0  usart.o(i.MX_USART1_UART_Init)
    i.MX_USART2_UART_Init                    0x08003140   Section        0  usart.o(i.MX_USART2_UART_Init)
    i.MemManage_Handler                      0x08003178   Section        0  stm32f4xx_it.o(i.MemManage_Handler)
    i.NMI_Handler                            0x0800317a   Section        0  stm32f4xx_it.o(i.NMI_Handler)
    i.PendSV_Handler                         0x0800317c   Section        0  stm32f4xx_it.o(i.PendSV_Handler)
    i.SVC_Handler                            0x0800317e   Section        0  stm32f4xx_it.o(i.SVC_Handler)
    i.SysTick_Handler                        0x08003180   Section        0  stm32f4xx_it.o(i.SysTick_Handler)
    i.SystemClock_Config                     0x08003184   Section        0  main.o(i.SystemClock_Config)
    i.SystemInit                             0x08003218   Section        0  system_stm32f4xx.o(i.SystemInit)
    i.UART_DMAAbortOnError                   0x08003228   Section        0  stm32f4xx_hal_uart.o(i.UART_DMAAbortOnError)
    UART_DMAAbortOnError                     0x08003229   Thumb Code    16  stm32f4xx_hal_uart.o(i.UART_DMAAbortOnError)
    i.UART_DMAError                          0x08003238   Section        0  stm32f4xx_hal_uart.o(i.UART_DMAError)
    UART_DMAError                            0x08003239   Thumb Code    74  stm32f4xx_hal_uart.o(i.UART_DMAError)
    i.UART_DMAReceiveCplt                    0x08003282   Section        0  stm32f4xx_hal_uart.o(i.UART_DMAReceiveCplt)
    UART_DMAReceiveCplt                      0x08003283   Thumb Code   130  stm32f4xx_hal_uart.o(i.UART_DMAReceiveCplt)
    i.UART_DMARxHalfCplt                     0x08003304   Section        0  stm32f4xx_hal_uart.o(i.UART_DMARxHalfCplt)
    UART_DMARxHalfCplt                       0x08003305   Thumb Code    26  stm32f4xx_hal_uart.o(i.UART_DMARxHalfCplt)
    i.UART_EndRxTransfer                     0x0800331e   Section        0  stm32f4xx_hal_uart.o(i.UART_EndRxTransfer)
    UART_EndRxTransfer                       0x0800331f   Thumb Code    78  stm32f4xx_hal_uart.o(i.UART_EndRxTransfer)
    i.UART_EndTxTransfer                     0x0800336c   Section        0  stm32f4xx_hal_uart.o(i.UART_EndTxTransfer)
    UART_EndTxTransfer                       0x0800336d   Thumb Code    28  stm32f4xx_hal_uart.o(i.UART_EndTxTransfer)
    i.UART_Receive_IT                        0x08003388   Section        0  stm32f4xx_hal_uart.o(i.UART_Receive_IT)
    UART_Receive_IT                          0x08003389   Thumb Code   192  stm32f4xx_hal_uart.o(i.UART_Receive_IT)
    i.UART_SetConfig                         0x08003448   Section        0  stm32f4xx_hal_uart.o(i.UART_SetConfig)
    UART_SetConfig                           0x08003449   Thumb Code   258  stm32f4xx_hal_uart.o(i.UART_SetConfig)
    i.UART_Start_Receive_DMA                 0x08003554   Section        0  stm32f4xx_hal_uart.o(i.UART_Start_Receive_DMA)
    i.USART2_IRQHandler                      0x080035e8   Section        0  stm32f4xx_it.o(i.USART2_IRQHandler)
    i.UsageFault_Handler                     0x080035f4   Section        0  stm32f4xx_it.o(i.UsageFault_Handler)
    i.__NVIC_SetPriority                     0x080035f6   Section        0  stm32f4xx_hal_cortex.o(i.__NVIC_SetPriority)
    __NVIC_SetPriority                       0x080035f7   Thumb Code    32  stm32f4xx_hal_cortex.o(i.__NVIC_SetPriority)
    i.__scatterload_copy                     0x08003616   Section       14  handlers.o(i.__scatterload_copy)
    i.__scatterload_null                     0x08003624   Section        2  handlers.o(i.__scatterload_null)
    i.__scatterload_zeroinit                 0x08003626   Section       14  handlers.o(i.__scatterload_zeroinit)
    i.__set_errno                            0x08003634   Section        0  errno.o(i.__set_errno)
    i.delay_ms                               0x08003640   Section        0  delay.o(i.delay_ms)
    i.delay_us                               0x08003644   Section        0  delay.o(i.delay_us)
    i.lcd_clear                              0x08003654   Section        0  lcd.o(i.lcd_clear)
    i.lcd_display_dir                        0x08003684   Section        0  lcd.o(i.lcd_display_dir)
    i.lcd_draw_line                          0x0800373c   Section        0  lcd.o(i.lcd_draw_line)
    i.lcd_draw_point                         0x080037d8   Section        0  lcd.o(i.lcd_draw_point)
    i.lcd_ex_ili9341_reginit                 0x080037ee   Section        0  lcd.o(i.lcd_ex_ili9341_reginit)
    i.lcd_ex_nt35310_reginit                 0x08003a1c   Section        0  lcd.o(i.lcd_ex_nt35310_reginit)
    i.lcd_ex_nt35510_reginit                 0x08004910   Section        0  lcd.o(i.lcd_ex_nt35510_reginit)
    i.lcd_ex_ssd1963_reginit                 0x0800580a   Section        0  lcd.o(i.lcd_ex_ssd1963_reginit)
    i.lcd_ex_st7789_reginit                  0x0800597a   Section        0  lcd.o(i.lcd_ex_st7789_reginit)
    i.lcd_init                               0x08005b24   Section        0  lcd.o(i.lcd_init)
    i.lcd_rd_data                            0x08005e08   Section        0  lcd.o(i.lcd_rd_data)
    lcd_rd_data                              0x08005e09   Thumb Code    20  lcd.o(i.lcd_rd_data)
    i.lcd_scan_dir                           0x08005e1c   Section        0  lcd.o(i.lcd_scan_dir)
    i.lcd_set_cursor                         0x08005f98   Section        0  lcd.o(i.lcd_set_cursor)
    i.lcd_show_char                          0x0800608c   Section        0  lcd.o(i.lcd_show_char)
    i.lcd_show_string                        0x08006168   Section        0  lcd.o(i.lcd_show_string)
    i.lcd_ssd_backlight_set                  0x080061c0   Section        0  lcd.o(i.lcd_ssd_backlight_set)
    i.lcd_wr_data                            0x08006210   Section        0  lcd.o(i.lcd_wr_data)
    i.lcd_wr_regno                           0x08006228   Section        0  lcd.o(i.lcd_wr_regno)
    i.lcd_write_ram_prepare                  0x08006240   Section        0  lcd.o(i.lcd_write_ram_prepare)
    i.lcd_write_reg                          0x08006254   Section        0  lcd.o(i.lcd_write_reg)
    i.main                                   0x08006260   Section        0  main.o(i.main)
    i.sqrtf                                  0x08006624   Section        0  sqrtf.o(i.sqrtf)
    .constdata                               0x08006664   Section        4  main.o(.constdata)
    .constdata                               0x08006668   Section        8  stm32f4xx_hal_dma.o(.constdata)
    flagBitshiftOffset                       0x08006668   Data           8  stm32f4xx_hal_dma.o(.constdata)
    .constdata                               0x08006670   Section       16  system_stm32f4xx.o(.constdata)
    .constdata                               0x08006680   Section        8  system_stm32f4xx.o(.constdata)
    .constdata                               0x08006688   Section    12160  lcd.o(.constdata)
    .constdata                               0x08009608   Section       16  arm_const_structs.o(.constdata)
    .constdata                               0x08009618   Section    16384  arm_common_tables.o(.constdata)
    .constdata                               0x0800d618   Section     7616  arm_common_tables.o(.constdata)
    .conststring                             0x0800f3d8   Section        3  main.o(.conststring)
    .data                                    0x20000000   Section       16  main.o(.data)
    .data                                    0x20000010   Section        8  fsmc.o(.data)
    FSMC_Initialized                         0x20000010   Data           4  fsmc.o(.data)
    FSMC_DeInitialized                       0x20000014   Data           4  fsmc.o(.data)
    .data                                    0x20000018   Section       12  stm32f4xx_hal.o(.data)
    .data                                    0x20000024   Section        4  system_stm32f4xx.o(.data)
    .data                                    0x20000028   Section        4  lcd.o(.data)
    .data                                    0x2000002c   Section        4  errno.o(.data)
    _errno                                   0x2000002c   Data           4  errno.o(.data)
    .bss                                     0x20000030   Section    26624  main.o(.bss)
    testOutput                               0x20004830   Data        8192  main.o(.bss)
    .bss                                     0x20006830   Section       80  fsmc.o(.bss)
    .bss                                     0x20006880   Section      232  usart.o(.bss)
    .bss                                     0x20006968   Section       94  lcd.o(.bss)
    STACK                                    0x200069c8   Section     1024  startup_stm32f407xx.o(STACK)

    Global Symbols

    Symbol Name                              Value     Ov Type        Size  Object(Section)

    BuildAttributes$$THM_ISAv4$E$P$D$K$B$S$7EM$VFPi3$EXTD16$VFPS$VFMA$PE$A:L22UL41UL21$X:L11$S22US41US21$IEEE1$IW$USESV6$~STKCKD$USESV7$~SHL$OTIME$ROPI$IEEEX$EBA8$MICROLIB$REQ8$PRES8$EABIv2 0x00000000   Number         0  anon$$obj.o ABSOLUTE
    __ARM_use_no_argv                        0x00000000   Number         0  main.o ABSOLUTE
    _printf_a                                0x00000000   Number         0  stubs.o ABSOLUTE
    _printf_c                                0x00000000   Number         0  stubs.o ABSOLUTE
    _printf_charcount                        0x00000000   Number         0  stubs.o ABSOLUTE
    _printf_d                                0x00000000   Number         0  stubs.o ABSOLUTE
    _printf_e                                0x00000000   Number         0  stubs.o ABSOLUTE
    _printf_f                                0x00000000   Number         0  stubs.o ABSOLUTE
    _printf_flags                            0x00000000   Number         0  stubs.o ABSOLUTE
    _printf_fp_dec                           0x00000000   Number         0  stubs.o ABSOLUTE
    _printf_fp_hex                           0x00000000   Number         0  stubs.o ABSOLUTE
    _printf_g                                0x00000000   Number         0  stubs.o ABSOLUTE
    _printf_i                                0x00000000   Number         0  stubs.o ABSOLUTE
    _printf_int_dec                          0x00000000   Number         0  stubs.o ABSOLUTE
    _printf_l                                0x00000000   Number         0  stubs.o ABSOLUTE
    _printf_lc                               0x00000000   Number         0  stubs.o ABSOLUTE
    _printf_ll                               0x00000000   Number         0  stubs.o ABSOLUTE
    _printf_lld                              0x00000000   Number         0  stubs.o ABSOLUTE
    _printf_lli                              0x00000000   Number         0  stubs.o ABSOLUTE
    _printf_llo                              0x00000000   Number         0  stubs.o ABSOLUTE
    _printf_llu                              0x00000000   Number         0  stubs.o ABSOLUTE
    _printf_llx                              0x00000000   Number         0  stubs.o ABSOLUTE
    _printf_longlong_dec                     0x00000000   Number         0  stubs.o ABSOLUTE
    _printf_longlong_hex                     0x00000000   Number         0  stubs.o ABSOLUTE
    _printf_longlong_oct                     0x00000000   Number         0  stubs.o ABSOLUTE
    _printf_ls                               0x00000000   Number         0  stubs.o ABSOLUTE
    _printf_mbtowc                           0x00000000   Number         0  stubs.o ABSOLUTE
    _printf_n                                0x00000000   Number         0  stubs.o ABSOLUTE
    _printf_o                                0x00000000   Number         0  stubs.o ABSOLUTE
    _printf_p                                0x00000000   Number         0  stubs.o ABSOLUTE
    _printf_percent                          0x00000000   Number         0  stubs.o ABSOLUTE
    _printf_pre_padding                      0x00000000   Number         0  stubs.o ABSOLUTE
    _printf_return_value                     0x00000000   Number         0  stubs.o ABSOLUTE
    _printf_s                                0x00000000   Number         0  stubs.o ABSOLUTE
    _printf_sizespec                         0x00000000   Number         0  stubs.o ABSOLUTE
    _printf_str                              0x00000000   Number         0  stubs.o ABSOLUTE
    _printf_truncate_signed                  0x00000000   Number         0  stubs.o ABSOLUTE
    _printf_truncate_unsigned                0x00000000   Number         0  stubs.o ABSOLUTE
    _printf_u                                0x00000000   Number         0  stubs.o ABSOLUTE
    _printf_wc                               0x00000000   Number         0  stubs.o ABSOLUTE
    _printf_wctomb                           0x00000000   Number         0  stubs.o ABSOLUTE
    _printf_widthprec                        0x00000000   Number         0  stubs.o ABSOLUTE
    _printf_x                                0x00000000   Number         0  stubs.o ABSOLUTE
    __arm_fini_                               - Undefined Weak Reference
    __cpp_initialize__aeabi_                  - Undefined Weak Reference
    __cxa_finalize                            - Undefined Weak Reference
    __decompress                              - Undefined Weak Reference
    _clock_init                               - Undefined Weak Reference
    _microlib_exit                            - Undefined Weak Reference
    __Vectors_Size                           0x00000188   Number         0  startup_stm32f407xx.o ABSOLUTE
    __Vectors                                0x08000000   Data           4  startup_stm32f407xx.o(RESET)
    __Vectors_End                            0x08000188   Data           0  startup_stm32f407xx.o(RESET)
    arm_bitreversal_32                       0x08000189   Thumb Code   106  arm_bitreversal2.o(. text)
    arm_bitreversal_16                       0x080001f3   Thumb Code    86  arm_bitreversal2.o(. text)
    __main                                   0x08000249   Thumb Code     0  entry.o(.ARM.Collect$$$$00000000)
    _main_stk                                0x08000249   Thumb Code     0  entry2.o(.ARM.Collect$$$$00000001)
    _main_scatterload                        0x0800024d   Thumb Code     0  entry5.o(.ARM.Collect$$$$00000004)
    __main_after_scatterload                 0x08000251   Thumb Code     0  entry5.o(.ARM.Collect$$$$00000004)
    _main_clock                              0x08000251   Thumb Code     0  entry7b.o(.ARM.Collect$$$$00000008)
    _main_cpp_init                           0x08000251   Thumb Code     0  entry8b.o(.ARM.Collect$$$$0000000A)
    _main_init                               0x08000251   Thumb Code     0  entry9a.o(.ARM.Collect$$$$0000000B)
    __rt_lib_shutdown_fini                   0x08000259   Thumb Code     0  entry12b.o(.ARM.Collect$$$$0000000E)
    __rt_final_cpp                           0x0800025d   Thumb Code     0  entry10a.o(.ARM.Collect$$$$0000000F)
    __rt_final_exit                          0x0800025d   Thumb Code     0  entry11a.o(.ARM.Collect$$$$00000011)
    Reset_Handler                            0x08000261   Thumb Code     8  startup_stm32f407xx.o(.text)
    ADC_IRQHandler                           0x0800027b   Thumb Code     0  startup_stm32f407xx.o(.text)
    CAN1_RX0_IRQHandler                      0x0800027b   Thumb Code     0  startup_stm32f407xx.o(.text)
    CAN1_RX1_IRQHandler                      0x0800027b   Thumb Code     0  startup_stm32f407xx.o(.text)
    CAN1_SCE_IRQHandler                      0x0800027b   Thumb Code     0  startup_stm32f407xx.o(.text)
    CAN1_TX_IRQHandler                       0x0800027b   Thumb Code     0  startup_stm32f407xx.o(.text)
    CAN2_RX0_IRQHandler                      0x0800027b   Thumb Code     0  startup_stm32f407xx.o(.text)
    CAN2_RX1_IRQHandler                      0x0800027b   Thumb Code     0  startup_stm32f407xx.o(.text)
    CAN2_SCE_IRQHandler                      0x0800027b   Thumb Code     0  startup_stm32f407xx.o(.text)
    CAN2_TX_IRQHandler                       0x0800027b   Thumb Code     0  startup_stm32f407xx.o(.text)
    DCMI_IRQHandler                          0x0800027b   Thumb Code     0  startup_stm32f407xx.o(.text)
    DMA1_Stream0_IRQHandler                  0x0800027b   Thumb Code     0  startup_stm32f407xx.o(.text)
    DMA1_Stream1_IRQHandler                  0x0800027b   Thumb Code     0  startup_stm32f407xx.o(.text)
    DMA1_Stream2_IRQHandler                  0x0800027b   Thumb Code     0  startup_stm32f407xx.o(.text)
    DMA1_Stream3_IRQHandler                  0x0800027b   Thumb Code     0  startup_stm32f407xx.o(.text)
    DMA1_Stream4_IRQHandler                  0x0800027b   Thumb Code     0  startup_stm32f407xx.o(.text)
    DMA1_Stream6_IRQHandler                  0x0800027b   Thumb Code     0  startup_stm32f407xx.o(.text)
    DMA1_Stream7_IRQHandler                  0x0800027b   Thumb Code     0  startup_stm32f407xx.o(.text)
    DMA2_Stream0_IRQHandler                  0x0800027b   Thumb Code     0  startup_stm32f407xx.o(.text)
    DMA2_Stream1_IRQHandler                  0x0800027b   Thumb Code     0  startup_stm32f407xx.o(.text)
    DMA2_Stream2_IRQHandler                  0x0800027b   Thumb Code     0  startup_stm32f407xx.o(.text)
    DMA2_Stream3_IRQHandler                  0x0800027b   Thumb Code     0  startup_stm32f407xx.o(.text)
    DMA2_Stream4_IRQHandler                  0x0800027b   Thumb Code     0  startup_stm32f407xx.o(.text)
    DMA2_Stream5_IRQHandler                  0x0800027b   Thumb Code     0  startup_stm32f407xx.o(.text)
    DMA2_Stream6_IRQHandler                  0x0800027b   Thumb Code     0  startup_stm32f407xx.o(.text)
    DMA2_Stream7_IRQHandler                  0x0800027b   Thumb Code     0  startup_stm32f407xx.o(.text)
    ETH_IRQHandler                           0x0800027b   Thumb Code     0  startup_stm32f407xx.o(.text)
    ETH_WKUP_IRQHandler                      0x0800027b   Thumb Code     0  startup_stm32f407xx.o(.text)
    EXTI0_IRQHandler                         0x0800027b   Thumb Code     0  startup_stm32f407xx.o(.text)
    EXTI15_10_IRQHandler                     0x0800027b   Thumb Code     0  startup_stm32f407xx.o(.text)
    EXTI1_IRQHandler                         0x0800027b   Thumb Code     0  startup_stm32f407xx.o(.text)
    EXTI2_IRQHandler                         0x0800027b   Thumb Code     0  startup_stm32f407xx.o(.text)
    EXTI3_IRQHandler                         0x0800027b   Thumb Code     0  startup_stm32f407xx.o(.text)
    EXTI4_IRQHandler                         0x0800027b   Thumb Code     0  startup_stm32f407xx.o(.text)
    EXTI9_5_IRQHandler                       0x0800027b   Thumb Code     0  startup_stm32f407xx.o(.text)
    FLASH_IRQHandler                         0x0800027b   Thumb Code     0  startup_stm32f407xx.o(.text)
    FMC_IRQHandler                           0x0800027b   Thumb Code     0  startup_stm32f407xx.o(.text)
    FPU_IRQHandler                           0x0800027b   Thumb Code     0  startup_stm32f407xx.o(.text)
    HASH_RNG_IRQHandler                      0x0800027b   Thumb Code     0  startup_stm32f407xx.o(.text)
    I2C1_ER_IRQHandler                       0x0800027b   Thumb Code     0  startup_stm32f407xx.o(.text)
    I2C1_EV_IRQHandler                       0x0800027b   Thumb Code     0  startup_stm32f407xx.o(.text)
    I2C2_ER_IRQHandler                       0x0800027b   Thumb Code     0  startup_stm32f407xx.o(.text)
    I2C2_EV_IRQHandler                       0x0800027b   Thumb Code     0  startup_stm32f407xx.o(.text)
    I2C3_ER_IRQHandler                       0x0800027b   Thumb Code     0  startup_stm32f407xx.o(.text)
    I2C3_EV_IRQHandler                       0x0800027b   Thumb Code     0  startup_stm32f407xx.o(.text)
    OTG_FS_IRQHandler                        0x0800027b   Thumb Code     0  startup_stm32f407xx.o(.text)
    OTG_FS_WKUP_IRQHandler                   0x0800027b   Thumb Code     0  startup_stm32f407xx.o(.text)
    OTG_HS_EP1_IN_IRQHandler                 0x0800027b   Thumb Code     0  startup_stm32f407xx.o(.text)
    OTG_HS_EP1_OUT_IRQHandler                0x0800027b   Thumb Code     0  startup_stm32f407xx.o(.text)
    OTG_HS_IRQHandler                        0x0800027b   Thumb Code     0  startup_stm32f407xx.o(.text)
    OTG_HS_WKUP_IRQHandler                   0x0800027b   Thumb Code     0  startup_stm32f407xx.o(.text)
    PVD_IRQHandler                           0x0800027b   Thumb Code     0  startup_stm32f407xx.o(.text)
    RCC_IRQHandler                           0x0800027b   Thumb Code     0  startup_stm32f407xx.o(.text)
    RTC_Alarm_IRQHandler                     0x0800027b   Thumb Code     0  startup_stm32f407xx.o(.text)
    RTC_WKUP_IRQHandler                      0x0800027b   Thumb Code     0  startup_stm32f407xx.o(.text)
    SDIO_IRQHandler                          0x0800027b   Thumb Code     0  startup_stm32f407xx.o(.text)
    SPI1_IRQHandler                          0x0800027b   Thumb Code     0  startup_stm32f407xx.o(.text)
    SPI2_IRQHandler                          0x0800027b   Thumb Code     0  startup_stm32f407xx.o(.text)
    SPI3_IRQHandler                          0x0800027b   Thumb Code     0  startup_stm32f407xx.o(.text)
    TAMP_STAMP_IRQHandler                    0x0800027b   Thumb Code     0  startup_stm32f407xx.o(.text)
    TIM1_BRK_TIM9_IRQHandler                 0x0800027b   Thumb Code     0  startup_stm32f407xx.o(.text)
    TIM1_CC_IRQHandler                       0x0800027b   Thumb Code     0  startup_stm32f407xx.o(.text)
    TIM1_TRG_COM_TIM11_IRQHandler            0x0800027b   Thumb Code     0  startup_stm32f407xx.o(.text)
    TIM1_UP_TIM10_IRQHandler                 0x0800027b   Thumb Code     0  startup_stm32f407xx.o(.text)
    TIM2_IRQHandler                          0x0800027b   Thumb Code     0  startup_stm32f407xx.o(.text)
    TIM3_IRQHandler                          0x0800027b   Thumb Code     0  startup_stm32f407xx.o(.text)
    TIM4_IRQHandler                          0x0800027b   Thumb Code     0  startup_stm32f407xx.o(.text)
    TIM5_IRQHandler                          0x0800027b   Thumb Code     0  startup_stm32f407xx.o(.text)
    TIM6_DAC_IRQHandler                      0x0800027b   Thumb Code     0  startup_stm32f407xx.o(.text)
    TIM7_IRQHandler                          0x0800027b   Thumb Code     0  startup_stm32f407xx.o(.text)
    TIM8_BRK_TIM12_IRQHandler                0x0800027b   Thumb Code     0  startup_stm32f407xx.o(.text)
    TIM8_CC_IRQHandler                       0x0800027b   Thumb Code     0  startup_stm32f407xx.o(.text)
    TIM8_TRG_COM_TIM14_IRQHandler            0x0800027b   Thumb Code     0  startup_stm32f407xx.o(.text)
    TIM8_UP_TIM13_IRQHandler                 0x0800027b   Thumb Code     0  startup_stm32f407xx.o(.text)
    UART4_IRQHandler                         0x0800027b   Thumb Code     0  startup_stm32f407xx.o(.text)
    UART5_IRQHandler                         0x0800027b   Thumb Code     0  startup_stm32f407xx.o(.text)
    USART1_IRQHandler                        0x0800027b   Thumb Code     0  startup_stm32f407xx.o(.text)
    USART3_IRQHandler                        0x0800027b   Thumb Code     0  startup_stm32f407xx.o(.text)
    USART6_IRQHandler                        0x0800027b   Thumb Code     0  startup_stm32f407xx.o(.text)
    WWDG_IRQHandler                          0x0800027b   Thumb Code     0  startup_stm32f407xx.o(.text)
    arm_cmplx_mag_f32                        0x08000285   Thumb Code   296  arm_cmplx_mag_f32.o(.text)
    arm_cfft_radix8by2_f32                   0x080003ad   Thumb Code   600  arm_cfft_f32.o(.text)
    arm_cfft_radix8by4_f32                   0x08000605   Thumb Code  1708  arm_cfft_f32.o(.text)
    arm_cfft_f32                             0x08000cb1   Thumb Code   302  arm_cfft_f32.o(.text)
    arm_radix8_butterfly_f32                 0x08000de1   Thumb Code  2164  arm_cfft_radix8_f32.o(.text)
    __aeabi_uldivmod                         0x08001659   Thumb Code    98  uldiv.o(.text)
    __aeabi_memset                           0x080016bb   Thumb Code    14  memseta.o(.text)
    __aeabi_memset4                          0x080016bb   Thumb Code     0  memseta.o(.text)
    __aeabi_memset8                          0x080016bb   Thumb Code     0  memseta.o(.text)
    __aeabi_memclr                           0x080016c9   Thumb Code     4  memseta.o(.text)
    __aeabi_memclr4                          0x080016c9   Thumb Code     0  memseta.o(.text)
    __aeabi_memclr8                          0x080016c9   Thumb Code     0  memseta.o(.text)
    _memset$wrapper                          0x080016cd   Thumb Code    18  memseta.o(.text)
    __aeabi_fadd                             0x080016df   Thumb Code   164  fadd.o(.text)
    __aeabi_fsub                             0x08001783   Thumb Code     6  fadd.o(.text)
    __aeabi_frsub                            0x08001789   Thumb Code     6  fadd.o(.text)
    __aeabi_fmul                             0x0800178f   Thumb Code   100  fmul.o(.text)
    __aeabi_fdiv                             0x080017f3   Thumb Code   124  fdiv.o(.text)
    __aeabi_dmul                             0x0800186f   Thumb Code   228  dmul.o(.text)
    __aeabi_ddiv                             0x08001953   Thumb Code   222  ddiv.o(.text)
    __aeabi_ui2f                             0x08001a31   Thumb Code    10  ffltui.o(.text)
    __aeabi_i2d                              0x08001a3b   Thumb Code    34  dflti.o(.text)
    __aeabi_ui2d                             0x08001a5d   Thumb Code    26  dfltui.o(.text)
    __aeabi_d2uiz                            0x08001a77   Thumb Code    50  dfixui.o(.text)
    __aeabi_llsl                             0x08001aa9   Thumb Code    30  llshl.o(.text)
    _ll_shift_l                              0x08001aa9   Thumb Code     0  llshl.o(.text)
    __aeabi_llsr                             0x08001ac7   Thumb Code    32  llushr.o(.text)
    _ll_ushift_r                             0x08001ac7   Thumb Code     0  llushr.o(.text)
    __I$use$fp                               0x08001ae7   Thumb Code     0  iusefp.o(.text)
    _float_round                             0x08001ae7   Thumb Code    18  fepilogue.o(.text)
    _float_epilogue                          0x08001af9   Thumb Code    92  fepilogue.o(.text)
    _double_round                            0x08001b55   Thumb Code    30  depilogue.o(.text)
    _double_epilogue                         0x08001b73   Thumb Code   156  depilogue.o(.text)
    __scatterload                            0x08001c11   Thumb Code    28  init.o(.text)
    __scatterload_rt2                        0x08001c11   Thumb Code     0  init.o(.text)
    BusFault_Handler                         0x08001c35   Thumb Code     2  stm32f4xx_it.o(i.BusFault_Handler)
    DMA1_Stream5_IRQHandler                  0x08001c39   Thumb Code     6  stm32f4xx_it.o(i.DMA1_Stream5_IRQHandler)
    DebugMon_Handler                         0x08001ce9   Thumb Code     2  stm32f4xx_it.o(i.DebugMon_Handler)
    Error_Handler                            0x08001ceb   Thumb Code     4  main.o(i.Error_Handler)
    FSMC_NORSRAM_Extended_Timing_Init        0x08001cf1   Thumb Code    56  stm32f4xx_ll_fsmc.o(i.FSMC_NORSRAM_Extended_Timing_Init)
    FSMC_NORSRAM_Init                        0x08001d2d   Thumb Code    98  stm32f4xx_ll_fsmc.o(i.FSMC_NORSRAM_Init)
    FSMC_NORSRAM_Timing_Init                 0x08001d95   Thumb Code    64  stm32f4xx_ll_fsmc.o(i.FSMC_NORSRAM_Timing_Init)
    HAL_DMA_Abort                            0x08001dd9   Thumb Code   146  stm32f4xx_hal_dma.o(i.HAL_DMA_Abort)
    HAL_DMA_Abort_IT                         0x08001e6b   Thumb Code    36  stm32f4xx_hal_dma.o(i.HAL_DMA_Abort_IT)
    HAL_DMA_IRQHandler                       0x08001e91   Thumb Code   412  stm32f4xx_hal_dma.o(i.HAL_DMA_IRQHandler)
    HAL_DMA_Init                             0x08002031   Thumb Code   206  stm32f4xx_hal_dma.o(i.HAL_DMA_Init)
    HAL_DMA_Start_IT                         0x08002105   Thumb Code   110  stm32f4xx_hal_dma.o(i.HAL_DMA_Start_IT)
    HAL_Delay                                0x08002175   Thumb Code    32  stm32f4xx_hal.o(i.HAL_Delay)
    HAL_GPIO_Init                            0x08002241   Thumb Code   450  stm32f4xx_hal_gpio.o(i.HAL_GPIO_Init)
    HAL_GPIO_WritePin                        0x08002431   Thumb Code    10  stm32f4xx_hal_gpio.o(i.HAL_GPIO_WritePin)
    HAL_GetTick                              0x0800243d   Thumb Code     6  stm32f4xx_hal.o(i.HAL_GetTick)
    HAL_IncTick                              0x08002449   Thumb Code    12  stm32f4xx_hal.o(i.HAL_IncTick)
    HAL_Init                                 0x08002459   Thumb Code    48  stm32f4xx_hal.o(i.HAL_Init)
    HAL_InitTick                             0x0800248d   Thumb Code    54  stm32f4xx_hal.o(i.HAL_InitTick)
    HAL_MspInit                              0x080024cd   Thumb Code    42  stm32f4xx_hal_msp.o(i.HAL_MspInit)
    HAL_NVIC_EnableIRQ                       0x080024fd   Thumb Code    26  stm32f4xx_hal_cortex.o(i.HAL_NVIC_EnableIRQ)
    HAL_NVIC_SetPriority                     0x08002519   Thumb Code    60  stm32f4xx_hal_cortex.o(i.HAL_NVIC_SetPriority)
    HAL_NVIC_SetPriorityGrouping             0x08002559   Thumb Code    26  stm32f4xx_hal_cortex.o(i.HAL_NVIC_SetPriorityGrouping)
    HAL_RCC_ClockConfig                      0x0800257d   Thumb Code   288  stm32f4xx_hal_rcc.o(i.HAL_RCC_ClockConfig)
    HAL_RCC_GetPCLK1Freq                     0x080026b1   Thumb Code    20  stm32f4xx_hal_rcc.o(i.HAL_RCC_GetPCLK1Freq)
    HAL_RCC_GetPCLK2Freq                     0x080026d1   Thumb Code    20  stm32f4xx_hal_rcc.o(i.HAL_RCC_GetPCLK2Freq)
    HAL_RCC_GetSysClockFreq                  0x080026f1   Thumb Code    88  stm32f4xx_hal_rcc.o(i.HAL_RCC_GetSysClockFreq)
    HAL_RCC_OscConfig                        0x08002751   Thumb Code   856  stm32f4xx_hal_rcc.o(i.HAL_RCC_OscConfig)
    HAL_SRAM_Init                            0x08002abd   Thumb Code    92  stm32f4xx_hal_sram.o(i.HAL_SRAM_Init)
    HAL_SRAM_MspInit                         0x08002b19   Thumb Code     4  fsmc.o(i.HAL_SRAM_MspInit)
    HAL_SYSTICK_Config                       0x08002b1d   Thumb Code    40  stm32f4xx_hal_cortex.o(i.HAL_SYSTICK_Config)
    HAL_UARTEx_RxEventCallback               0x08002b45   Thumb Code     2  stm32f4xx_hal_uart.o(i.HAL_UARTEx_RxEventCallback)
    HAL_UART_ErrorCallback                   0x08002b47   Thumb Code     2  stm32f4xx_hal_uart.o(i.HAL_UART_ErrorCallback)
    HAL_UART_IRQHandler                      0x08002b49   Thumb Code   610  stm32f4xx_hal_uart.o(i.HAL_UART_IRQHandler)
    HAL_UART_Init                            0x08002db1   Thumb Code    98  stm32f4xx_hal_uart.o(i.HAL_UART_Init)
    HAL_UART_MspInit                         0x08002e15   Thumb Code   224  usart.o(i.HAL_UART_MspInit)
    HAL_UART_Receive_DMA                     0x08002f0d   Thumb Code    42  stm32f4xx_hal_uart.o(i.HAL_UART_Receive_DMA)
    HAL_UART_RxCpltCallback                  0x08002f39   Thumb Code    16  main.o(i.HAL_UART_RxCpltCallback)
    HAL_UART_RxHalfCpltCallback              0x08002f51   Thumb Code     2  stm32f4xx_hal_uart.o(i.HAL_UART_RxHalfCpltCallback)
    HAL_UART_TxCpltCallback                  0x08002f53   Thumb Code     2  stm32f4xx_hal_uart.o(i.HAL_UART_TxCpltCallback)
    HardFault_Handler                        0x08002f55   Thumb Code     2  stm32f4xx_it.o(i.HardFault_Handler)
    MX_DMA_Init                              0x08002f59   Thumb Code    40  dma.o(i.MX_DMA_Init)
    MX_FSMC_Init                             0x08002f85   Thumb Code   128  fsmc.o(i.MX_FSMC_Init)
    MX_GPIO_Init                             0x0800300d   Thumb Code   236  gpio.o(i.MX_GPIO_Init)
    MX_USART1_UART_Init                      0x08003109   Thumb Code    48  usart.o(i.MX_USART1_UART_Init)
    MX_USART2_UART_Init                      0x08003141   Thumb Code    48  usart.o(i.MX_USART2_UART_Init)
    MemManage_Handler                        0x08003179   Thumb Code     2  stm32f4xx_it.o(i.MemManage_Handler)
    NMI_Handler                              0x0800317b   Thumb Code     2  stm32f4xx_it.o(i.NMI_Handler)
    PendSV_Handler                           0x0800317d   Thumb Code     2  stm32f4xx_it.o(i.PendSV_Handler)
    SVC_Handler                              0x0800317f   Thumb Code     2  stm32f4xx_it.o(i.SVC_Handler)
    SysTick_Handler                          0x08003181   Thumb Code     4  stm32f4xx_it.o(i.SysTick_Handler)
    SystemClock_Config                       0x08003185   Thumb Code   138  main.o(i.SystemClock_Config)
    SystemInit                               0x08003219   Thumb Code    12  system_stm32f4xx.o(i.SystemInit)
    UART_Start_Receive_DMA                   0x08003555   Thumb Code   134  stm32f4xx_hal_uart.o(i.UART_Start_Receive_DMA)
    USART2_IRQHandler                        0x080035e9   Thumb Code     6  stm32f4xx_it.o(i.USART2_IRQHandler)
    UsageFault_Handler                       0x080035f5   Thumb Code     2  stm32f4xx_it.o(i.UsageFault_Handler)
    __scatterload_copy                       0x08003617   Thumb Code    14  handlers.o(i.__scatterload_copy)
    __scatterload_null                       0x08003625   Thumb Code     2  handlers.o(i.__scatterload_null)
    __scatterload_zeroinit                   0x08003627   Thumb Code    14  handlers.o(i.__scatterload_zeroinit)
    __set_errno                              0x08003635   Thumb Code     6  errno.o(i.__set_errno)
    delay_ms                                 0x08003641   Thumb Code     4  delay.o(i.delay_ms)
    delay_us                                 0x08003645   Thumb Code    14  delay.o(i.delay_us)
    lcd_clear                                0x08003655   Thumb Code    44  lcd.o(i.lcd_clear)
    lcd_display_dir                          0x08003685   Thumb Code   180  lcd.o(i.lcd_display_dir)
    lcd_draw_line                            0x0800373d   Thumb Code   156  lcd.o(i.lcd_draw_line)
    lcd_draw_point                           0x080037d9   Thumb Code    22  lcd.o(i.lcd_draw_point)
    lcd_ex_ili9341_reginit                   0x080037ef   Thumb Code   558  lcd.o(i.lcd_ex_ili9341_reginit)
    lcd_ex_nt35310_reginit                   0x08003a1d   Thumb Code  3828  lcd.o(i.lcd_ex_nt35310_reginit)
    lcd_ex_nt35510_reginit                   0x08004911   Thumb Code  3834  lcd.o(i.lcd_ex_nt35510_reginit)
    lcd_ex_ssd1963_reginit                   0x0800580b   Thumb Code   368  lcd.o(i.lcd_ex_ssd1963_reginit)
    lcd_ex_st7789_reginit                    0x0800597b   Thumb Code   426  lcd.o(i.lcd_ex_st7789_reginit)
    lcd_init                                 0x08005b25   Thumb Code   712  lcd.o(i.lcd_init)
    lcd_scan_dir                             0x08005e1d   Thumb Code   376  lcd.o(i.lcd_scan_dir)
    lcd_set_cursor                           0x08005f99   Thumb Code   238  lcd.o(i.lcd_set_cursor)
    lcd_show_char                            0x0800608d   Thumb Code   196  lcd.o(i.lcd_show_char)
    lcd_show_string                          0x08006169   Thumb Code    86  lcd.o(i.lcd_show_string)
    lcd_ssd_backlight_set                    0x080061c1   Thumb Code    72  lcd.o(i.lcd_ssd_backlight_set)
    lcd_wr_data                              0x08006211   Thumb Code    24  lcd.o(i.lcd_wr_data)
    lcd_wr_regno                             0x08006229   Thumb Code    24  lcd.o(i.lcd_wr_regno)
    lcd_write_ram_prepare                    0x08006241   Thumb Code    14  lcd.o(i.lcd_write_ram_prepare)
    lcd_write_reg                            0x08006255   Thumb Code    12  lcd.o(i.lcd_write_reg)
    main                                     0x08006261   Thumb Code   846  main.o(i.main)
    sqrtf                                    0x08006625   Thumb Code    62  sqrtf.o(i.sqrtf)
    AHBPrescTable                            0x08006670   Data          16  system_stm32f4xx.o(.constdata)
    APBPrescTable                            0x08006680   Data           8  system_stm32f4xx.o(.constdata)
    asc2_1206                                0x08006688   Data        1140  lcd.o(.constdata)
    asc2_1608                                0x08006afc   Data        1520  lcd.o(.constdata)
    asc2_2412                                0x080070ec   Data        3420  lcd.o(.constdata)
    asc2_3216                                0x08007e48   Data        6080  lcd.o(.constdata)
    arm_cfft_sR_f32_len2048                  0x08009608   Data          16  arm_const_structs.o(.constdata)
    twiddleCoef_2048                         0x08009618   Data       16384  arm_common_tables.o(.constdata)
    armBitRevIndexTable2048                  0x0800d618   Data        7616  arm_common_tables.o(.constdata)
    Region$$Table$$Base                      0x0800f3dc   Number         0  anon$$obj.o(Region$$Table)
    Region$$Table$$Limit                     0x0800f3fc   Number         0  anon$$obj.o(Region$$Table)
    flag                                     0x20000000   Data           1  main.o(.data)
    fftSize                                  0x20000004   Data           4  main.o(.data)
    ifftFlag                                 0x20000008   Data           4  main.o(.data)
    doBitReverse                             0x2000000c   Data           4  main.o(.data)
    uwTickFreq                               0x20000018   Data           1  stm32f4xx_hal.o(.data)
    uwTickPrio                               0x2000001c   Data           4  stm32f4xx_hal.o(.data)
    uwTick                                   0x20000020   Data           4  stm32f4xx_hal.o(.data)
    SystemCoreClock                          0x20000024   Data           4  system_stm32f4xx.o(.data)
    g_back_color                             0x20000028   Data           4  lcd.o(.data)
    fpga_get                                 0x20000030   Data        2048  main.o(.bss)
    testInput                                0x20000830   Data       16384  main.o(.bss)
    hsram1                                   0x20006830   Data          80  fsmc.o(.bss)
    huart1                                   0x20006880   Data          68  usart.o(.bss)
    huart2                                   0x200068c4   Data          68  usart.o(.bss)
    hdma_usart2_rx                           0x20006908   Data          96  usart.o(.bss)
    g_sram_handle                            0x20006968   Data          80  lcd.o(.bss)
    lcddev                                   0x200069b8   Data          14  lcd.o(.bss)
    __initial_sp                             0x20006dc8   Data           0  startup_stm32f407xx.o(STACK)



==============================================================================

Memory Map of the image

  Image Entry point : 0x08000249

  Load Region LR_IROM1 (Base: 0x08000000, Size: 0x0000f42c, Max: 0x00100000, ABSOLUTE)

    Execution Region ER_IROM1 (Exec base: 0x08000000, Load base: 0x08000000, Size: 0x0000f3fc, Max: 0x00100000, ABSOLUTE)

    Exec Addr    Load Addr    Size         Type   Attr      Idx    E Section Name        Object

    0x08000000   0x08000000   0x00000188   Data   RO            3    RESET               startup_stm32f407xx.o
    0x08000188   0x08000188   0x000000c0   Code   RO         3352    . text              arm_cortexM4l_math.lib(arm_bitreversal2.o)
    0x08000248   0x08000248   0x00000000   Code   RO         3464  * .ARM.Collect$$$$00000000  mc_w.l(entry.o)
    0x08000248   0x08000248   0x00000004   Code   RO         3797    .ARM.Collect$$$$00000001  mc_w.l(entry2.o)
    0x0800024c   0x0800024c   0x00000004   Code   RO         3800    .ARM.Collect$$$$00000004  mc_w.l(entry5.o)
    0x08000250   0x08000250   0x00000000   Code   RO         3802    .ARM.Collect$$$$00000008  mc_w.l(entry7b.o)
    0x08000250   0x08000250   0x00000000   Code   RO         3804    .ARM.Collect$$$$0000000A  mc_w.l(entry8b.o)
    0x08000250   0x08000250   0x00000008   Code   RO         3805    .ARM.Collect$$$$0000000B  mc_w.l(entry9a.o)
    0x08000258   0x08000258   0x00000004   Code   RO         3812    .ARM.Collect$$$$0000000E  mc_w.l(entry12b.o)
    0x0800025c   0x0800025c   0x00000000   Code   RO         3807    .ARM.Collect$$$$0000000F  mc_w.l(entry10a.o)
    0x0800025c   0x0800025c   0x00000000   Code   RO         3809    .ARM.Collect$$$$00000011  mc_w.l(entry11a.o)
    0x0800025c   0x0800025c   0x00000004   Code   RO         3798    .ARM.Collect$$$$00002712  mc_w.l(entry2.o)
    0x08000260   0x08000260   0x00000024   Code   RO            4    .text               startup_stm32f407xx.o
    0x08000284   0x08000284   0x00000128   Code   RO         3119    .text               arm_cortexM4l_math.lib(arm_cmplx_mag_f32.o)
    0x080003ac   0x080003ac   0x00000a32   Code   RO         3165    .text               arm_cortexM4l_math.lib(arm_cfft_f32.o)
    0x08000dde   0x08000dde   0x00000002   PAD
    0x08000de0   0x08000de0   0x00000878   Code   RO         3331    .text               arm_cortexM4l_math.lib(arm_cfft_radix8_f32.o)
    0x08001658   0x08001658   0x00000062   Code   RO         3467    .text               mc_w.l(uldiv.o)
    0x080016ba   0x080016ba   0x00000024   Code   RO         3469    .text               mc_w.l(memseta.o)
    0x080016de   0x080016de   0x000000b0   Code   RO         3734    .text               mf_w.l(fadd.o)
    0x0800178e   0x0800178e   0x00000064   Code   RO         3736    .text               mf_w.l(fmul.o)
    0x080017f2   0x080017f2   0x0000007c   Code   RO         3738    .text               mf_w.l(fdiv.o)
    0x0800186e   0x0800186e   0x000000e4   Code   RO         3742    .text               mf_w.l(dmul.o)
    0x08001952   0x08001952   0x000000de   Code   RO         3744    .text               mf_w.l(ddiv.o)
    0x08001a30   0x08001a30   0x0000000a   Code   RO         3748    .text               mf_w.l(ffltui.o)
    0x08001a3a   0x08001a3a   0x00000022   Code   RO         3750    .text               mf_w.l(dflti.o)
    0x08001a5c   0x08001a5c   0x0000001a   Code   RO         3752    .text               mf_w.l(dfltui.o)
    0x08001a76   0x08001a76   0x00000032   Code   RO         3754    .text               mf_w.l(dfixui.o)
    0x08001aa8   0x08001aa8   0x0000001e   Code   RO         3816    .text               mc_w.l(llshl.o)
    0x08001ac6   0x08001ac6   0x00000020   Code   RO         3818    .text               mc_w.l(llushr.o)
    0x08001ae6   0x08001ae6   0x00000000   Code   RO         3829    .text               mc_w.l(iusefp.o)
    0x08001ae6   0x08001ae6   0x0000006e   Code   RO         3830    .text               mf_w.l(fepilogue.o)
    0x08001b54   0x08001b54   0x000000ba   Code   RO         3832    .text               mf_w.l(depilogue.o)
    0x08001c0e   0x08001c0e   0x00000002   PAD
    0x08001c10   0x08001c10   0x00000024   Code   RO         3838    .text               mc_w.l(init.o)
    0x08001c34   0x08001c34   0x00000002   Code   RO          357    i.BusFault_Handler  stm32f4xx_it.o
    0x08001c36   0x08001c36   0x00000002   PAD
    0x08001c38   0x08001c38   0x0000000c   Code   RO          358    i.DMA1_Stream5_IRQHandler  stm32f4xx_it.o
    0x08001c44   0x08001c44   0x00000028   Code   RO         1054    i.DMA_CalcBaseAndBitshift  stm32f4xx_hal_dma.o
    0x08001c6c   0x08001c6c   0x00000054   Code   RO         1055    i.DMA_CheckFifoParam  stm32f4xx_hal_dma.o
    0x08001cc0   0x08001cc0   0x00000028   Code   RO         1056    i.DMA_SetConfig     stm32f4xx_hal_dma.o
    0x08001ce8   0x08001ce8   0x00000002   Code   RO          359    i.DebugMon_Handler  stm32f4xx_it.o
    0x08001cea   0x08001cea   0x00000004   Code   RO           13    i.Error_Handler     main.o
    0x08001cee   0x08001cee   0x00000002   PAD
    0x08001cf0   0x08001cf0   0x0000003c   Code   RO          477    i.FSMC_NORSRAM_Extended_Timing_Init  stm32f4xx_ll_fsmc.o
    0x08001d2c   0x08001d2c   0x00000068   Code   RO          478    i.FSMC_NORSRAM_Init  stm32f4xx_ll_fsmc.o
    0x08001d94   0x08001d94   0x00000044   Code   RO          479    i.FSMC_NORSRAM_Timing_Init  stm32f4xx_ll_fsmc.o
    0x08001dd8   0x08001dd8   0x00000092   Code   RO         1057    i.HAL_DMA_Abort     stm32f4xx_hal_dma.o
    0x08001e6a   0x08001e6a   0x00000024   Code   RO         1058    i.HAL_DMA_Abort_IT  stm32f4xx_hal_dma.o
    0x08001e8e   0x08001e8e   0x00000002   PAD
    0x08001e90   0x08001e90   0x000001a0   Code   RO         1062    i.HAL_DMA_IRQHandler  stm32f4xx_hal_dma.o
    0x08002030   0x08002030   0x000000d4   Code   RO         1063    i.HAL_DMA_Init      stm32f4xx_hal_dma.o
    0x08002104   0x08002104   0x0000006e   Code   RO         1067    i.HAL_DMA_Start_IT  stm32f4xx_hal_dma.o
    0x08002172   0x08002172   0x00000002   PAD
    0x08002174   0x08002174   0x00000024   Code   RO         1476    i.HAL_Delay         stm32f4xx_hal.o
    0x08002198   0x08002198   0x000000a8   Code   RO          261    i.HAL_FSMC_MspInit  fsmc.o
    0x08002240   0x08002240   0x000001f0   Code   RO          950    i.HAL_GPIO_Init     stm32f4xx_hal_gpio.o
    0x08002430   0x08002430   0x0000000a   Code   RO          954    i.HAL_GPIO_WritePin  stm32f4xx_hal_gpio.o
    0x0800243a   0x0800243a   0x00000002   PAD
    0x0800243c   0x0800243c   0x0000000c   Code   RO         1482    i.HAL_GetTick       stm32f4xx_hal.o
    0x08002448   0x08002448   0x00000010   Code   RO         1488    i.HAL_IncTick       stm32f4xx_hal.o
    0x08002458   0x08002458   0x00000034   Code   RO         1489    i.HAL_Init          stm32f4xx_hal.o
    0x0800248c   0x0800248c   0x00000040   Code   RO         1490    i.HAL_InitTick      stm32f4xx_hal.o
    0x080024cc   0x080024cc   0x00000030   Code   RO          445    i.HAL_MspInit       stm32f4xx_hal_msp.o
    0x080024fc   0x080024fc   0x0000001a   Code   RO         1339    i.HAL_NVIC_EnableIRQ  stm32f4xx_hal_cortex.o
    0x08002516   0x08002516   0x00000002   PAD
    0x08002518   0x08002518   0x00000040   Code   RO         1345    i.HAL_NVIC_SetPriority  stm32f4xx_hal_cortex.o
    0x08002558   0x08002558   0x00000024   Code   RO         1346    i.HAL_NVIC_SetPriorityGrouping  stm32f4xx_hal_cortex.o
    0x0800257c   0x0800257c   0x00000134   Code   RO          596    i.HAL_RCC_ClockConfig  stm32f4xx_hal_rcc.o
    0x080026b0   0x080026b0   0x00000020   Code   RO          603    i.HAL_RCC_GetPCLK1Freq  stm32f4xx_hal_rcc.o
    0x080026d0   0x080026d0   0x00000020   Code   RO          604    i.HAL_RCC_GetPCLK2Freq  stm32f4xx_hal_rcc.o
    0x080026f0   0x080026f0   0x00000060   Code   RO          605    i.HAL_RCC_GetSysClockFreq  stm32f4xx_hal_rcc.o
    0x08002750   0x08002750   0x0000036c   Code   RO          608    i.HAL_RCC_OscConfig  stm32f4xx_hal_rcc.o
    0x08002abc   0x08002abc   0x0000005c   Code   RO         1731    i.HAL_SRAM_Init     stm32f4xx_hal_sram.o
    0x08002b18   0x08002b18   0x00000004   Code   RO          263    i.HAL_SRAM_MspInit  fsmc.o
    0x08002b1c   0x08002b1c   0x00000028   Code   RO         1350    i.HAL_SYSTICK_Config  stm32f4xx_hal_cortex.o
    0x08002b44   0x08002b44   0x00000002   Code   RO         1909    i.HAL_UARTEx_RxEventCallback  stm32f4xx_hal_uart.o
    0x08002b46   0x08002b46   0x00000002   Code   RO         1923    i.HAL_UART_ErrorCallback  stm32f4xx_hal_uart.o
    0x08002b48   0x08002b48   0x00000268   Code   RO         1926    i.HAL_UART_IRQHandler  stm32f4xx_hal_uart.o
    0x08002db0   0x08002db0   0x00000062   Code   RO         1927    i.HAL_UART_Init     stm32f4xx_hal_uart.o
    0x08002e12   0x08002e12   0x00000002   PAD
    0x08002e14   0x08002e14   0x000000f8   Code   RO          310    i.HAL_UART_MspInit  usart.o
    0x08002f0c   0x08002f0c   0x0000002a   Code   RO         1931    i.HAL_UART_Receive_DMA  stm32f4xx_hal_uart.o
    0x08002f36   0x08002f36   0x00000002   PAD
    0x08002f38   0x08002f38   0x00000018   Code   RO           14    i.HAL_UART_RxCpltCallback  main.o
    0x08002f50   0x08002f50   0x00000002   Code   RO         1934    i.HAL_UART_RxHalfCpltCallback  stm32f4xx_hal_uart.o
    0x08002f52   0x08002f52   0x00000002   Code   RO         1938    i.HAL_UART_TxCpltCallback  stm32f4xx_hal_uart.o
    0x08002f54   0x08002f54   0x00000002   Code   RO          360    i.HardFault_Handler  stm32f4xx_it.o
    0x08002f56   0x08002f56   0x00000002   PAD
    0x08002f58   0x08002f58   0x0000002c   Code   RO          237    i.MX_DMA_Init       dma.o
    0x08002f84   0x08002f84   0x00000088   Code   RO          264    i.MX_FSMC_Init      fsmc.o
    0x0800300c   0x0800300c   0x000000fc   Code   RO          213    i.MX_GPIO_Init      gpio.o
    0x08003108   0x08003108   0x00000038   Code   RO          311    i.MX_USART1_UART_Init  usart.o
    0x08003140   0x08003140   0x00000038   Code   RO          312    i.MX_USART2_UART_Init  usart.o
    0x08003178   0x08003178   0x00000002   Code   RO          361    i.MemManage_Handler  stm32f4xx_it.o
    0x0800317a   0x0800317a   0x00000002   Code   RO          362    i.NMI_Handler       stm32f4xx_it.o
    0x0800317c   0x0800317c   0x00000002   Code   RO          363    i.PendSV_Handler    stm32f4xx_it.o
    0x0800317e   0x0800317e   0x00000002   Code   RO          364    i.SVC_Handler       stm32f4xx_it.o
    0x08003180   0x08003180   0x00000004   Code   RO          365    i.SysTick_Handler   stm32f4xx_it.o
    0x08003184   0x08003184   0x00000094   Code   RO           15    i.SystemClock_Config  main.o
    0x08003218   0x08003218   0x00000010   Code   RO         2256    i.SystemInit        system_stm32f4xx.o
    0x08003228   0x08003228   0x00000010   Code   RO         1940    i.UART_DMAAbortOnError  stm32f4xx_hal_uart.o
    0x08003238   0x08003238   0x0000004a   Code   RO         1941    i.UART_DMAError     stm32f4xx_hal_uart.o
    0x08003282   0x08003282   0x00000082   Code   RO         1942    i.UART_DMAReceiveCplt  stm32f4xx_hal_uart.o
    0x08003304   0x08003304   0x0000001a   Code   RO         1944    i.UART_DMARxHalfCplt  stm32f4xx_hal_uart.o
    0x0800331e   0x0800331e   0x0000004e   Code   RO         1950    i.UART_EndRxTransfer  stm32f4xx_hal_uart.o
    0x0800336c   0x0800336c   0x0000001c   Code   RO         1951    i.UART_EndTxTransfer  stm32f4xx_hal_uart.o
    0x08003388   0x08003388   0x000000c0   Code   RO         1952    i.UART_Receive_IT   stm32f4xx_hal_uart.o
    0x08003448   0x08003448   0x0000010c   Code   RO         1953    i.UART_SetConfig    stm32f4xx_hal_uart.o
    0x08003554   0x08003554   0x00000094   Code   RO         1954    i.UART_Start_Receive_DMA  stm32f4xx_hal_uart.o
    0x080035e8   0x080035e8   0x0000000c   Code   RO          366    i.USART2_IRQHandler  stm32f4xx_it.o
    0x080035f4   0x080035f4   0x00000002   Code   RO          367    i.UsageFault_Handler  stm32f4xx_it.o
    0x080035f6   0x080035f6   0x00000020   Code   RO         1352    i.__NVIC_SetPriority  stm32f4xx_hal_cortex.o
    0x08003616   0x08003616   0x0000000e   Code   RO         3844    i.__scatterload_copy  mc_w.l(handlers.o)
    0x08003624   0x08003624   0x00000002   Code   RO         3845    i.__scatterload_null  mc_w.l(handlers.o)
    0x08003626   0x08003626   0x0000000e   Code   RO         3846    i.__scatterload_zeroinit  mc_w.l(handlers.o)
    0x08003634   0x08003634   0x0000000c   Code   RO         3824    i.__set_errno       mc_w.l(errno.o)
    0x08003640   0x08003640   0x00000004   Code   RO         2720    i.delay_ms          delay.o
    0x08003644   0x08003644   0x0000000e   Code   RO         2721    i.delay_us          delay.o
    0x08003652   0x08003652   0x00000002   PAD
    0x08003654   0x08003654   0x00000030   Code   RO         2422    i.lcd_clear         lcd.o
    0x08003684   0x08003684   0x000000b8   Code   RO         2424    i.lcd_display_dir   lcd.o
    0x0800373c   0x0800373c   0x0000009c   Code   RO         2429    i.lcd_draw_line     lcd.o
    0x080037d8   0x080037d8   0x00000016   Code   RO         2430    i.lcd_draw_point    lcd.o
    0x080037ee   0x080037ee   0x0000022e   Code   RO         2432    i.lcd_ex_ili9341_reginit  lcd.o
    0x08003a1c   0x08003a1c   0x00000ef4   Code   RO         2433    i.lcd_ex_nt35310_reginit  lcd.o
    0x08004910   0x08004910   0x00000efa   Code   RO         2434    i.lcd_ex_nt35510_reginit  lcd.o
    0x0800580a   0x0800580a   0x00000170   Code   RO         2435    i.lcd_ex_ssd1963_reginit  lcd.o
    0x0800597a   0x0800597a   0x000001aa   Code   RO         2436    i.lcd_ex_st7789_reginit  lcd.o
    0x08005b24   0x08005b24   0x000002e4   Code   RO         2439    i.lcd_init          lcd.o
    0x08005e08   0x08005e08   0x00000014   Code   RO         2441    i.lcd_rd_data       lcd.o
    0x08005e1c   0x08005e1c   0x0000017c   Code   RO         2443    i.lcd_scan_dir      lcd.o
    0x08005f98   0x08005f98   0x000000f4   Code   RO         2444    i.lcd_set_cursor    lcd.o
    0x0800608c   0x0800608c   0x000000dc   Code   RO         2446    i.lcd_show_char     lcd.o
    0x08006168   0x08006168   0x00000056   Code   RO         2448    i.lcd_show_string   lcd.o
    0x080061be   0x080061be   0x00000002   PAD
    0x080061c0   0x080061c0   0x00000050   Code   RO         2450    i.lcd_ssd_backlight_set  lcd.o
    0x08006210   0x08006210   0x00000018   Code   RO         2451    i.lcd_wr_data       lcd.o
    0x08006228   0x08006228   0x00000018   Code   RO         2452    i.lcd_wr_regno      lcd.o
    0x08006240   0x08006240   0x00000014   Code   RO         2453    i.lcd_write_ram_prepare  lcd.o
    0x08006254   0x08006254   0x0000000c   Code   RO         2454    i.lcd_write_reg     lcd.o
    0x08006260   0x08006260   0x000003c4   Code   RO           17    i.main              main.o
    0x08006624   0x08006624   0x0000003e   Code   RO         3454    i.sqrtf             m_wm.l(sqrtf.o)
    0x08006662   0x08006662   0x00000002   PAD
    0x08006664   0x08006664   0x00000004   Data   RO           19    .constdata          main.o
    0x08006668   0x08006668   0x00000008   Data   RO         1069    .constdata          stm32f4xx_hal_dma.o
    0x08006670   0x08006670   0x00000010   Data   RO         2257    .constdata          system_stm32f4xx.o
    0x08006680   0x08006680   0x00000008   Data   RO         2258    .constdata          system_stm32f4xx.o
    0x08006688   0x08006688   0x00002f80   Data   RO         2456    .constdata          lcd.o
    0x08009608   0x08009608   0x00000010   Data   RO         3203    .constdata          arm_cortexM4l_math.lib(arm_const_structs.o)
    0x08009618   0x08009618   0x00004000   Data   RO         3367    .constdata          arm_cortexM4l_math.lib(arm_common_tables.o)
    0x0800d618   0x0800d618   0x00001dc0   Data   RO         3396    .constdata          arm_cortexM4l_math.lib(arm_common_tables.o)
    0x0800f3d8   0x0800f3d8   0x00000003   Data   RO           20    .conststring        main.o
    0x0800f3db   0x0800f3db   0x00000001   PAD
    0x0800f3dc   0x0800f3dc   0x00000020   Data   RO         3842    Region$$Table       anon$$obj.o


    Execution Region RW_IRAM1 (Exec base: 0x20000000, Load base: 0x0800f3fc, Size: 0x00006dc8, Max: 0x0001c000, ABSOLUTE)

    Exec Addr    Load Addr    Size         Type   Attr      Idx    E Section Name        Object

    0x20000000   0x0800f3fc   0x00000010   Data   RW           21    .data               main.o
    0x20000010   0x0800f40c   0x00000008   Data   RW          266    .data               fsmc.o
    0x20000018   0x0800f414   0x0000000c   Data   RW         1496    .data               stm32f4xx_hal.o
    0x20000024   0x0800f420   0x00000004   Data   RW         2259    .data               system_stm32f4xx.o
    0x20000028   0x0800f424   0x00000004   Data   RW         2458    .data               lcd.o
    0x2000002c   0x0800f428   0x00000004   Data   RW         3825    .data               mc_w.l(errno.o)
    0x20000030        -       0x00006800   Zero   RW           18    .bss                main.o
    0x20006830        -       0x00000050   Zero   RW          265    .bss                fsmc.o
    0x20006880        -       0x000000e8   Zero   RW          313    .bss                usart.o
    0x20006968        -       0x0000005e   Zero   RW         2455    .bss                lcd.o
    0x200069c6   0x0800f42c   0x00000002   PAD
    0x200069c8        -       0x00000400   Zero   RW            1    STACK               startup_stm32f407xx.o


    Execution Region RW_IRAM2 (Exec base: 0x2001c000, Load base: 0x0800f42c, Size: 0x00000000, Max: 0x00004000, ABSOLUTE)

    **** No section assigned to this execution region ****


==============================================================================

Image component sizes


      Code (inc. data)   RO Data    RW Data    ZI Data      Debug   Object Name

        18          0          0          0          0       1034   delay.o
        44          4          0          0          0        786   dma.o
       308         32          0          8         80       2311   fsmc.o
       252         16          0          0          0       1111   gpio.o
     11274        100      12160          4         94      22754   lcd.o
      1140        136          7         16      26624     689034   main.o
        36          8        392          0       1024        840   startup_stm32f407xx.o
       180         28          0         12          0       9453   stm32f4xx_hal.o
       198         14          0          0          0      33999   stm32f4xx_hal_cortex.o
      1084         16          8          0          0       7402   stm32f4xx_hal_dma.o
       506         46          0          0          0       2212   stm32f4xx_hal_gpio.o
        48          6          0          0          0        866   stm32f4xx_hal_msp.o
      1344         72          0          0          0       5276   stm32f4xx_hal_rcc.o
        92          0          0          0          0       1228   stm32f4xx_hal_sram.o
      1724         30          0          0          0      12612   stm32f4xx_hal_uart.o
        44         12          0          0          0       5184   stm32f4xx_it.o
       232         14          0          0          0       3975   stm32f4xx_ll_fsmc.o
        16          4         24          4          0       1147   system_stm32f4xx.o
       360         40          0          0        232       2554   usart.o

    ----------------------------------------------------------------------
     18922        578      12624         44      28056     803778   Object Totals
         0          0         32          0          0          0   (incl. Generated)
        22          0          1          0          2          0   (incl. Padding)

    ----------------------------------------------------------------------

      Code (inc. data)   RO Data    RW Data    ZI Data      Debug   Library Member Name

       192          0          0          0          0        524   arm_bitreversal2.o
      2610          0          0          0          0      16937   arm_cfft_f32.o
      2168         10          0          0          0       2519   arm_cfft_radix8_f32.o
       296          0          0          0          0      17716   arm_cmplx_mag_f32.o
         0          0      24000          0          0       4704   arm_common_tables.o
         0          0         16          0          0       4212   arm_const_structs.o
        62          0          0          0          0        136   sqrtf.o
         0          0          0          0          0          0   entry.o
         0          0          0          0          0          0   entry10a.o
         0          0          0          0          0          0   entry11a.o
         4          0          0          0          0          0   entry12b.o
         8          4          0          0          0          0   entry2.o
         4          0          0          0          0          0   entry5.o
         0          0          0          0          0          0   entry7b.o
         0          0          0          0          0          0   entry8b.o
         8          4          0          0          0          0   entry9a.o
        12          6          0          4          0         68   errno.o
        30          0          0          0          0          0   handlers.o
        36          8          0          0          0         68   init.o
         0          0          0          0          0          0   iusefp.o
        30          0          0          0          0         68   llshl.o
        32          0          0          0          0         68   llushr.o
        36          0          0          0          0        108   memseta.o
        98          0          0          0          0         92   uldiv.o
       222          0          0          0          0        100   ddiv.o
       186          0          0          0          0        176   depilogue.o
        50          0          0          0          0         76   dfixui.o
        34          0          0          0          0         76   dflti.o
        26          0          0          0          0         76   dfltui.o
       228          0          0          0          0         96   dmul.o
       176          0          0          0          0        140   fadd.o
       124          0          0          0          0         88   fdiv.o
       110          0          0          0          0        168   fepilogue.o
        10          0          0          0          0         68   ffltui.o
       100          0          0          0          0         76   fmul.o

    ----------------------------------------------------------------------
      6898         32      24016          4          0      48360   Library Totals
         6          0          0          0          0          0   (incl. Padding)

    ----------------------------------------------------------------------

      Code (inc. data)   RO Data    RW Data    ZI Data      Debug   Library Name

      5266         10      24016          0          0      46612   arm_cortexM4l_math.lib
        62          0          0          0          0        136   m_wm.l
       298         22          0          4          0        472   mc_w.l
      1266          0          0          0          0       1140   mf_w.l

    ----------------------------------------------------------------------
      6898         32      24016          4          0      48360   Library Totals

    ----------------------------------------------------------------------

==============================================================================


      Code (inc. data)   RO Data    RW Data    ZI Data      Debug   

     25820        610      36640         48      28056     842754   Grand Totals
     25820        610      36640         48      28056     842754   ELF Image Totals
     25820        610      36640         48          0          0   ROM Totals

==============================================================================

    Total RO  Size (Code + RO Data)                62460 (  61.00kB)
    Total RW  Size (RW Data + ZI Data)             28104 (  27.45kB)
    Total ROM Size (Code + RO Data + RW Data)      62508 (  61.04kB)

==============================================================================

